[backblue.gif]
[fade.gif]
[index.html]
[www.ascii-art.de/favicon.ico]
[www.ascii-art.de/index.html]
[www.ascii-art.de/ascii/dara-a-faq.txt]
[www.ascii-art.de/ascii/t/tom_thumb.txt]
[www.ascii-art.de/ascii/uvw/who_is_who.txt]
[www.ascii-art.de/ascii/ab/artist_gallery.txt]
[www.ascii-art.de/ascii/jkl/license.txt]
[www.ascii-art.de/ascii/t/tarzan.txt]
[www.ascii-art.de/news/index.html]
[www.ascii-art.de/ascii/ab/007.txt]
[www.ascii-art.de/ascii/ab/3D.txt]
[www.ascii-art.de/ascii/ab/3D_tutorial.txt]
[www.ascii-art.de/ascii/ab/aardvark.txt]
[www.ascii-art.de/ascii/ab/abacus.txt]
[www.ascii-art.de/ascii/ab/abduction.txt]
[www.ascii-art.de/ascii/ab/aborigine.txt]
[www.ascii-art.de/ascii/ab/abstract.txt]
[www.ascii-art.de/ascii/ab/accident.txt]
[www.ascii-art.de/ascii/ab/accidental_art.txt]
[www.ascii-art.de/ascii/ab/acorn.txt]
[www.ascii-art.de/ascii/ab/acropolis.txt]
[www.ascii-art.de/ascii/ab/action.txt]
[www.ascii-art.de/ascii/ab/advent_calendar98.txt]
[www.ascii-art.de/ascii/ab/advent_calendar99.txt]
[www.ascii-art.de/ascii/ab/advent_wreath.txt]
[www.ascii-art.de/ascii/ab/advise.txt]
[www.ascii-art.de/ascii/ab/aerobics.txt]
[www.ascii-art.de/ascii/ab/aeroflot.txt]
[www.ascii-art.de/ascii/ab/afghanistan.txt]
[www.ascii-art.de/ascii/ab/africa.txt]
[www.ascii-art.de/ascii/ab/airplane.txt]
[www.ascii-art.de/ascii/ab/airport.txt]
[www.ascii-art.de/ascii/ab/akbar_jeff.txt]
[www.ascii-art.de/ascii/ab/akeru.txt]
[www.ascii-art.de/ascii/ab/aladdin.txt]
[www.ascii-art.de/ascii/ab/albania.txt]
[www.ascii-art.de/ascii/ab/albatross.txt]
[www.ascii-art.de/ascii/ab/algeria.txt]
[www.ascii-art.de/ascii/ab/alice.txt]
[www.ascii-art.de/ascii/ab/alice_cooper.txt]
[www.ascii-art.de/ascii/ab/alien.txt]
[www.ascii-art.de/ascii/ab/alligator.txt]
[www.ascii-art.de/ascii/ab/alt-ascii-art.txt]
[www.ascii-art.de/ascii/ab/altar.txt]
[www.ascii-art.de/ascii/ab/amazon.txt]
[www.ascii-art.de/ascii/ab/ambigram.txt]
[www.ascii-art.de/ascii/ab/ambulanc.txt]
[www.ascii-art.de/ascii/ab/america.txt]
[www.ascii-art.de/ascii/ab/amiga.txt]
[www.ascii-art.de/ascii/ab/amnesty.txt]
[www.ascii-art.de/ascii/ab/amoeba.txt]
[www.ascii-art.de/ascii/ab/amsterdam.txt]
[www.ascii-art.de/ascii/ab/anchor.txt]
[www.ascii-art.de/ascii/ab/andorra.txt]
[www.ascii-art.de/ascii/ab/android.txt]
[www.ascii-art.de/ascii/ab/angel.txt]
[www.ascii-art.de/ascii/ab/anime.txt]
[www.ascii-art.de/ascii/ab/ankh.txt]
[www.ascii-art.de/ascii/ab/ankylosaurus.txt]
[www.ascii-art.de/ascii/ab/anomalocaris.txt]
[www.ascii-art.de/ascii/ab/answering_machine.txt]
[www.ascii-art.de/ascii/ab/ant.txt]
[www.ascii-art.de/ascii/ab/antarctic.txt]
[www.ascii-art.de/ascii/ab/anteater.txt]
[www.ascii-art.de/ascii/ab/antelope.txt]
[www.ascii-art.de/ascii/ab/antenna.txt]
[www.ascii-art.de/ascii/ab/antlers.txt]
[www.ascii-art.de/ascii/ab/anubi.txt]
[www.ascii-art.de/ascii/ab/anvil.txt]
[www.ascii-art.de/ascii/ab/any_key.txt]
[www.ascii-art.de/ascii/ab/apocalypse.txt]
[www.ascii-art.de/ascii/ab/apollo.txt]
[www.ascii-art.de/ascii/ab/applause.txt]
[www.ascii-art.de/ascii/ab/apple.txt]
[www.ascii-art.de/ascii/ab/arbor.txt]
[www.ascii-art.de/ascii/ab/archaeopteryx.txt]
[www.ascii-art.de/ascii/ab/archery.txt]
[www.ascii-art.de/ascii/ab/ariel.txt]
[www.ascii-art.de/ascii/ab/ark_of_noah.txt]
[www.ascii-art.de/ascii/ab/armadillo.txt]
[www.ascii-art.de/ascii/ab/armchair.txt]
[www.ascii-art.de/ascii/ab/army.txt]
[www.ascii-art.de/ascii/ab/arrg.txt]
[www.ascii-art.de/ascii/ab/arrow.txt]
[www.ascii-art.de/ascii/ab/art_gallery.txt]
[www.ascii-art.de/ascii/ab/arthritis.txt]
[www.ascii-art.de/ascii/ab/artist.txt]
[www.ascii-art.de/ascii/ab/ascii.txt]
[www.ascii-art.de/ascii/ab/aspirin.txt]
[www.ascii-art.de/ascii/ab/ass.txt]
[www.ascii-art.de/ascii/ab/asterix.txt]
[www.ascii-art.de/ascii/ab/astronaut.txt]
[www.ascii-art.de/ascii/ab/astronomy.txt]
[www.ascii-art.de/ascii/ab/atari.txt]
[www.ascii-art.de/ascii/ab/atheism.txt]
[www.ascii-art.de/ascii/ab/augh.txt]
[www.ascii-art.de/ascii/ab/australia.txt]
[www.ascii-art.de/ascii/ab/auto.txt]
[www.ascii-art.de/ascii/ab/autobahn.txt]
[www.ascii-art.de/ascii/ab/autumn.txt]
[www.ascii-art.de/ascii/ab/avenge.txt]
[www.ascii-art.de/ascii/ab/awake.txt]
[www.ascii-art.de/ascii/ab/award.txt]
[www.ascii-art.de/ascii/ab/axe.txt]
[www.ascii-art.de/ascii/ab/baby.txt]
[www.ascii-art.de/ascii/ab/backup.txt]
[www.ascii-art.de/ascii/ab/bacon.txt]
[www.ascii-art.de/ascii/ab/bacteriophage.txt]
[www.ascii-art.de/ascii/ab/badge.txt]
[www.ascii-art.de/ascii/ab/badger.txt]
[www.ascii-art.de/ascii/ab/badminton.txt]
[www.ascii-art.de/ascii/ab/ball.txt]
[www.ascii-art.de/ascii/ab/ballerina.txt]
[www.ascii-art.de/ascii/ab/ballet.txt]
[www.ascii-art.de/ascii/ab/ballista.txt]
[www.ascii-art.de/ascii/ab/balloon.txt]
[www.ascii-art.de/ascii/ab/ballroom.txt]
[www.ascii-art.de/ascii/ab/bambi.txt]
[www.ascii-art.de/ascii/ab/banana.txt]
[www.ascii-art.de/ascii/ab/band.txt]
[www.ascii-art.de/ascii/ab/band_logos.txt]
[www.ascii-art.de/ascii/ab/bang.txt]
[www.ascii-art.de/ascii/ab/banjo.txt]
[www.ascii-art.de/ascii/ab/banner.txt]
[www.ascii-art.de/ascii/ab/baphomet.txt]
[www.ascii-art.de/ascii/ab/bar.txt]
[www.ascii-art.de/ascii/ab/barba.txt]
[www.ascii-art.de/ascii/ab/barbed_wire.txt]
[www.ascii-art.de/ascii/ab/barber.txt]
[www.ascii-art.de/ascii/ab/barf.txt]
[www.ascii-art.de/ascii/ab/barmaid.txt]
[www.ascii-art.de/ascii/ab/barn.txt]
[www.ascii-art.de/ascii/ab/baseball.txt]
[www.ascii-art.de/ascii/ab/bash.txt]
[www.ascii-art.de/ascii/ab/basket.txt]
[www.ascii-art.de/ascii/ab/basketball.txt]
[www.ascii-art.de/ascii/ab/bass.txt]
[www.ascii-art.de/ascii/ab/bassinet.txt]
[www.ascii-art.de/ascii/ab/bassoon.txt]
[www.ascii-art.de/ascii/ab/bat.txt]
[www.ascii-art.de/ascii/ab/batgirl.txt]
[www.ascii-art.de/ascii/ab/bath.txt]
[www.ascii-art.de/ascii/ab/bathing.txt]
[www.ascii-art.de/ascii/ab/batman.txt]
[www.ascii-art.de/ascii/ab/battleship.txt]
[www.ascii-art.de/ascii/ab/bauhaus.txt]
[www.ascii-art.de/ascii/ab/bavaria.txt]
[www.ascii-art.de/ascii/ab/bay.txt]
[www.ascii-art.de/ascii/ab/bayliner.txt]
[www.ascii-art.de/ascii/ab/beach.txt]
[www.ascii-art.de/ascii/ab/beachball.txt]
[www.ascii-art.de/ascii/ab/beacon.txt]
[www.ascii-art.de/ascii/ab/beagle.txt]
[www.ascii-art.de/ascii/ab/bear.txt]
[www.ascii-art.de/ascii/ab/beard.txt]
[www.ascii-art.de/ascii/ab/bearhug.txt]
[www.ascii-art.de/ascii/ab/beast.txt]
[www.ascii-art.de/ascii/ab/beatles.txt]
[www.ascii-art.de/ascii/ab/beau.txt]
[www.ascii-art.de/ascii/ab/beaver.txt]
[www.ascii-art.de/ascii/ab/bed.txt]
[www.ascii-art.de/ascii/ab/bedpan.txt]
[www.ascii-art.de/ascii/ab/bedroom.txt]
[www.ascii-art.de/ascii/ab/bee.txt]
[www.ascii-art.de/ascii/ab/beehive.txt]
[www.ascii-art.de/ascii/ab/beer.txt]
[www.ascii-art.de/ascii/ab/beetle.txt]
[www.ascii-art.de/ascii/ab/bell.txt]
[www.ascii-art.de/ascii/ab/belt.txt]
[www.ascii-art.de/ascii/ab/bench.txt]
[www.ascii-art.de/ascii/ab/beretta.txt]
[www.ascii-art.de/ascii/ab/berlin.txt]
[www.ascii-art.de/ascii/ab/bger.txt]
[www.ascii-art.de/ascii/ab/bib.txt]
[www.ascii-art.de/ascii/ab/bible.txt]
[www.ascii-art.de/ascii/ab/bicycle.txt]
[www.ascii-art.de/ascii/ab/big_bang.txt]
[www.ascii-art.de/ascii/ab/bike.txt]
[www.ascii-art.de/ascii/ab/bikini.txt]
[www.ascii-art.de/ascii/ab/billard.txt]
[www.ascii-art.de/ascii/ab/binary.txt]
[www.ascii-art.de/ascii/ab/binoculars.txt]
[www.ascii-art.de/ascii/ab/biplane.txt]
[www.ascii-art.de/ascii/ab/bird.txt]
[www.ascii-art.de/ascii/ab/bird_of_prey.txt]
[www.ascii-art.de/ascii/ab/birdcage.txt]
[www.ascii-art.de/ascii/ab/birdhouse.txt]
[www.ascii-art.de/ascii/ab/birth.txt]
[www.ascii-art.de/ascii/ab/birthday.txt]
[www.ascii-art.de/ascii/ab/bjork.txt]
[www.ascii-art.de/ascii/ab/blabla.txt]
[www.ascii-art.de/ascii/ab/black.txt]
[www.ascii-art.de/ascii/ab/bleeding_hearts.txt]
[www.ascii-art.de/ascii/ab/blender.txt]
[www.ascii-art.de/ascii/ab/blind.txt]
[www.ascii-art.de/ascii/ab/blondes.txt]
[www.ascii-art.de/ascii/ab/blood.txt]
[www.ascii-art.de/ascii/ab/blossom.txt]
[www.ascii-art.de/ascii/ab/blowfish.txt]
[www.ascii-art.de/ascii/ab/bluebells.txt]
[www.ascii-art.de/ascii/ab/boa.txt]
[www.ascii-art.de/ascii/ab/boar.txt]
[www.ascii-art.de/ascii/ab/board_game.txt]
[www.ascii-art.de/ascii/ab/boat.txt]
[www.ascii-art.de/ascii/ab/body.txt]
[www.ascii-art.de/ascii/ab/bodybuilding.txt]
[www.ascii-art.de/ascii/ab/boing.txt]
[www.ascii-art.de/ascii/ab/bomb.txt]
[www.ascii-art.de/ascii/ab/bond.txt]
[www.ascii-art.de/ascii/ab/bone.txt]
[www.ascii-art.de/ascii/ab/bonsai.txt]
[www.ascii-art.de/ascii/ab/books.txt]
[www.ascii-art.de/ascii/ab/bookshelf.txt]
[www.ascii-art.de/ascii/ab/bookworm.txt]
[www.ascii-art.de/ascii/ab/boomerang.txt]
[www.ascii-art.de/ascii/ab/boop.txt]
[www.ascii-art.de/ascii/ab/boots.txt]
[www.ascii-art.de/ascii/ab/booze.txt]
[www.ascii-art.de/ascii/ab/border.txt]
[www.ascii-art.de/ascii/ab/bored.txt]
[www.ascii-art.de/ascii/ab/bosnia.txt]
[www.ascii-art.de/ascii/ab/boston.txt]
[www.ascii-art.de/ascii/ab/bottle.txt]
[www.ascii-art.de/ascii/ab/bottle_opener.txt]
[www.ascii-art.de/ascii/ab/bottleship.txt]
[www.ascii-art.de/ascii/ab/bottom.txt]
[www.ascii-art.de/ascii/ab/bouquet.txt]
[www.ascii-art.de/ascii/ab/bow.txt]
[www.ascii-art.de/ascii/ab/bowing.txt]
[www.ascii-art.de/ascii/ab/bowl.txt]
[www.ascii-art.de/ascii/ab/bowling.txt]
[www.ascii-art.de/ascii/ab/box.txt]
[www.ascii-art.de/ascii/ab/boxer.txt]
[www.ascii-art.de/ascii/ab/boxes.txt]
[www.ascii-art.de/ascii/ab/boy.txt]
[www.ascii-art.de/ascii/ab/bra.txt]
[www.ascii-art.de/ascii/ab/brachiopod.txt]
[www.ascii-art.de/ascii/ab/brachiosaurus.txt]
[www.ascii-art.de/ascii/ab/braille.txt]
[www.ascii-art.de/ascii/ab/brain.txt]
[www.ascii-art.de/ascii/ab/bravo.txt]
[www.ascii-art.de/ascii/ab/brazil.txt]
[www.ascii-art.de/ascii/ab/bread.txt]
[www.ascii-art.de/ascii/ab/breakfast.txt]
[www.ascii-art.de/ascii/ab/breastfeeding.txt]
[www.ascii-art.de/ascii/ab/brick_wall.txt]
[www.ascii-art.de/ascii/ab/bricklayer.txt]
[www.ascii-art.de/ascii/ab/bride+groom.txt]
[www.ascii-art.de/ascii/ab/bride.txt]
[www.ascii-art.de/ascii/ab/bridge.txt]
[www.ascii-art.de/ascii/ab/britain.txt]
[www.ascii-art.de/ascii/ab/broom.txt]
[www.ascii-art.de/ascii/ab/bruised.txt]
[www.ascii-art.de/ascii/ab/bsd.txt]
[www.ascii-art.de/ascii/ab/bse.txt]
[www.ascii-art.de/ascii/ab/bubble_gum.txt]
[www.ascii-art.de/ascii/ab/bucket.txt]
[www.ascii-art.de/ascii/ab/budapest.txt]
[www.ascii-art.de/ascii/ab/buddha.txt]
[www.ascii-art.de/ascii/ab/budgerigar.txt]
[www.ascii-art.de/ascii/ab/budweiser.txt]
[www.ascii-art.de/ascii/ab/buffalo.txt]
[www.ascii-art.de/ascii/ab/bug.txt]
[www.ascii-art.de/ascii/ab/buggy.txt]
[www.ascii-art.de/ascii/ab/bugsbunny.txt]
[www.ascii-art.de/ascii/ab/building.txt]
[www.ascii-art.de/ascii/ab/bulb.txt]
[www.ascii-art.de/ascii/ab/bull.txt]
[www.ascii-art.de/ascii/ab/bulldog.txt]
[www.ascii-art.de/ascii/ab/bulldozer.txt]
[www.ascii-art.de/ascii/ab/bullet.txt]
[www.ascii-art.de/ascii/ab/bulls_eye.txt]
[www.ascii-art.de/ascii/ab/bullying.txt]
[www.ascii-art.de/ascii/ab/bunch.txt]
[www.ascii-art.de/ascii/ab/bungee.txt]
[www.ascii-art.de/ascii/ab/bungee_jumping.txt]
[www.ascii-art.de/ascii/ab/bunker.txt]
[www.ascii-art.de/ascii/ab/bunny.txt]
[www.ascii-art.de/ascii/ab/bunsen_burner.txt]
[www.ascii-art.de/ascii/ab/burial.txt]
[www.ascii-art.de/ascii/ab/bus.txt]
[www.ascii-art.de/ascii/ab/bust.txt]
[www.ascii-art.de/ascii/ab/butcher.txt]
[www.ascii-art.de/ascii/ab/butt.txt]
[www.ascii-art.de/ascii/ab/butterfly.txt]
[www.ascii-art.de/ascii/ab/buxtehude.txt]
[www.ascii-art.de/ascii/index.html]
[www.ascii-art.de/ascii/my/index.html]
[www.ascii-art.de/ascii/anim/index.html]
[www.ascii-art.de/info/guidelines.txt]
[www.ascii-art.de/info/tut_crawford.txt]
[www.ascii-art.de/info/tut_veilleux.txt]
[www.ascii-art.de/info/tut_au.txt]
[www.ascii-art.de/info/tut_targon.txt]
[www.ascii-art.de/info/tut_jro.txt]
[www.ascii-art.de/info/faq_barger.txt]
[www.ascii-art.de/info/faq_allison.txt]
[www.ascii-art.de/info/index.html]
[www.ascii-art.de/info/artists/index.html]
[www.ascii-art.de/tools/index.html]
[www.ascii-art.de/info/about/index.html]
[www.ascii-art.de/ascii/s/statue.txt]
[www.ascii-art.de/info/copyright/index.html]
[www.ascii-art.de/ascii/mno/meriday.txt]
[www.ascii-art.de/info/artists/andreas/tshilpneu.zip]
[www.ascii-art.de/info/artists/andreas/index.html]
[www.ascii-art.de/ascii/faq.html]
[www.ascii-art.de/ascii/xyz/x-files.html]
[www.ascii-art.de/ascii/ab/3D_tutorial.html]
[www.ascii-art.de/ascii/my/manatee_s.txt]
[www.ascii-art.de/ascii/my/cats_s.txt]
[www.ascii-art.de/ascii/my/small1.html]
[www.ascii-art.de/info/artists/exhibits.html]
[www.ascii-art.de/news/old.html]
[www.ascii-art.de/ascii/c/c.txt]
[www.ascii-art.de/ascii/c/cabbage.txt]
[www.ascii-art.de/ascii/c/cabin.txt]
[www.ascii-art.de/ascii/c/cabinet.txt]
[www.ascii-art.de/ascii/c/cactus.txt]
[www.ascii-art.de/ascii/c/caddy.txt]
[www.ascii-art.de/ascii/c/caduceus.txt]
[www.ascii-art.de/ascii/c/caffeine.txt]
[www.ascii-art.de/ascii/c/cake.txt]
[www.ascii-art.de/ascii/c/calculator.txt]
[www.ascii-art.de/ascii/c/calvin.txt]
[www.ascii-art.de/ascii/c/camcorder.txt]
[www.ascii-art.de/ascii/c/camel.txt]
[www.ascii-art.de/ascii/c/camera.txt]
[www.ascii-art.de/ascii/c/camp.txt]
[www.ascii-art.de/ascii/c/campfire.txt]
[www.ascii-art.de/ascii/c/camping.txt]
[www.ascii-art.de/ascii/c/can.txt]
[www.ascii-art.de/ascii/c/canada.txt]
[www.ascii-art.de/ascii/c/candle.txt]
[www.ascii-art.de/ascii/c/candle_holder.txt]
[www.ascii-art.de/ascii/c/candy.txt]
[www.ascii-art.de/ascii/c/canibal.txt]
[www.ascii-art.de/ascii/c/canldelight.txt]
[www.ascii-art.de/ascii/c/cannon.txt]
[www.ascii-art.de/ascii/c/canoe.txt]
[www.ascii-art.de/ascii/c/canon.txt]
[www.ascii-art.de/ascii/c/canonball.txt]
[www.ascii-art.de/ascii/c/canteen.txt]
[www.ascii-art.de/ascii/c/cap.txt]
[www.ascii-art.de/ascii/c/captain_future.txt]
[www.ascii-art.de/ascii/c/car.txt]
[www.ascii-art.de/ascii/c/caracal.txt]
[www.ascii-art.de/ascii/c/caravan.txt]
[www.ascii-art.de/ascii/c/card.txt]
[www.ascii-art.de/ascii/c/cards.txt]
[www.ascii-art.de/ascii/c/carousel_horse.txt]
[www.ascii-art.de/ascii/c/carrier.txt]
[www.ascii-art.de/ascii/c/carrot.txt]
[www.ascii-art.de/ascii/c/cartoon.txt]
[www.ascii-art.de/ascii/c/cartwheels.txt]
[www.ascii-art.de/ascii/c/castle.txt]
[www.ascii-art.de/ascii/c/castration.txt]
[www.ascii-art.de/ascii/c/cat.txt]
[www.ascii-art.de/ascii/c/cat_in_the_hat.txt]
[www.ascii-art.de/ascii/c/catapult.txt]
[www.ascii-art.de/ascii/c/catch.txt]
[www.ascii-art.de/ascii/c/caterpillar.txt]
[www.ascii-art.de/ascii/c/catholic.txt]
[www.ascii-art.de/ascii/c/catsuit.txt]
[www.ascii-art.de/ascii/c/cauldron.txt]
[www.ascii-art.de/ascii/c/cave.txt]
[www.ascii-art.de/ascii/c/caveman.txt]
[www.ascii-art.de/ascii/c/cb.txt]
[www.ascii-art.de/ascii/c/cd.txt]
[www.ascii-art.de/ascii/c/celebrity.txt]
[www.ascii-art.de/ascii/c/cell.txt]
[www.ascii-art.de/ascii/c/cello.txt]
[www.ascii-art.de/ascii/c/celtic.txt]
[www.ascii-art.de/ascii/c/cementary.txt]
[www.ascii-art.de/ascii/c/cent.txt]
[www.ascii-art.de/ascii/c/centaur.txt]
[www.ascii-art.de/ascii/c/centipede.txt]
[www.ascii-art.de/ascii/c/cerberus.txt]
[www.ascii-art.de/ascii/c/cereal.txt]
[www.ascii-art.de/ascii/c/cessna.txt]
[www.ascii-art.de/ascii/c/chain.txt]
[www.ascii-art.de/ascii/c/chains.txt]
[www.ascii-art.de/ascii/c/chainsaw.txt]
[www.ascii-art.de/ascii/c/chair.txt]
[www.ascii-art.de/ascii/c/chalkboard.txt]
[www.ascii-art.de/ascii/c/chameleon.txt]
[www.ascii-art.de/ascii/c/champagne.txt]
[www.ascii-art.de/ascii/c/chanukiah.txt]
[www.ascii-art.de/ascii/c/chao.txt]
[www.ascii-art.de/ascii/c/chaosarrow.txt]
[www.ascii-art.de/ascii/c/chapel.txt]
[www.ascii-art.de/ascii/c/chaplin.txt]
[www.ascii-art.de/ascii/c/chariot.txt]
[www.ascii-art.de/ascii/c/charlie_brown.txt]
[www.ascii-art.de/ascii/c/charon.txt]
[www.ascii-art.de/ascii/c/chat.txt]
[www.ascii-art.de/ascii/c/check_out.txt]
[www.ascii-art.de/ascii/c/cheerleader.txt]
[www.ascii-art.de/ascii/c/cheers.txt]
[www.ascii-art.de/ascii/c/cheese.txt]
[www.ascii-art.de/ascii/c/cheetah.txt]
[www.ascii-art.de/ascii/c/chef.txt]
[www.ascii-art.de/ascii/c/chemistry.txt]
[www.ascii-art.de/ascii/c/cherry.txt]
[www.ascii-art.de/ascii/c/chess.txt]
[www.ascii-art.de/ascii/c/chest.txt]
[www.ascii-art.de/ascii/c/chewing_gum.txt]
[www.ascii-art.de/ascii/c/chianti.txt]
[www.ascii-art.de/ascii/c/chicken.txt]
[www.ascii-art.de/ascii/c/children.txt]
[www.ascii-art.de/ascii/c/childrens_books.txt]
[www.ascii-art.de/ascii/c/chili.txt]
[www.ascii-art.de/ascii/c/chimney.txt]
[www.ascii-art.de/ascii/c/chinese.txt]
[www.ascii-art.de/ascii/c/chip.txt]
[www.ascii-art.de/ascii/c/chisel.txt]
[www.ascii-art.de/ascii/c/chocolate.txt]
[www.ascii-art.de/ascii/c/chopper.txt]
[www.ascii-art.de/ascii/c/chrisrian.txt]
[www.ascii-art.de/ascii/c/christal.txt]
[www.ascii-art.de/ascii/c/christmas.txt]
[www.ascii-art.de/ascii/c/church.txt]
[www.ascii-art.de/ascii/c/cicada.txt]
[www.ascii-art.de/ascii/c/cigar.txt]
[www.ascii-art.de/ascii/c/cigarette.txt]
[www.ascii-art.de/ascii/c/cinderella.txt]
[www.ascii-art.de/ascii/c/cinema.txt]
[www.ascii-art.de/ascii/c/circle.txt]
[www.ascii-art.de/ascii/c/circuits.txt]
[www.ascii-art.de/ascii/c/circus.txt]
[www.ascii-art.de/ascii/c/citadel.txt]
[www.ascii-art.de/ascii/c/citroen.txt]
[www.ascii-art.de/ascii/c/city.txt]
[www.ascii-art.de/ascii/c/clam.txt]
[www.ascii-art.de/ascii/c/clarinet.txt]
[www.ascii-art.de/ascii/c/classic_art.txt]
[www.ascii-art.de/ascii/c/cleaning.txt]
[www.ascii-art.de/ascii/c/clef.txt]
[www.ascii-art.de/ascii/c/cliff.txt]
[www.ascii-art.de/ascii/c/climbing.txt]
[www.ascii-art.de/ascii/c/clip.txt]
[www.ascii-art.de/ascii/c/clock.txt]
[www.ascii-art.de/ascii/c/clog.txt]
[www.ascii-art.de/ascii/c/closet.txt]
[www.ascii-art.de/ascii/c/clothes.txt]
[www.ascii-art.de/ascii/c/clothespin.txt]
[www.ascii-art.de/ascii/c/clouds.txt]
[www.ascii-art.de/ascii/c/clover.txt]
[www.ascii-art.de/ascii/c/clown.txt]
[www.ascii-art.de/ascii/c/cnn.txt]
[www.ascii-art.de/ascii/c/co2.txt]
[www.ascii-art.de/ascii/c/coach.txt]
[www.ascii-art.de/ascii/c/coast.txt]
[www.ascii-art.de/ascii/c/cobra.txt]
[www.ascii-art.de/ascii/c/cocaine.txt]
[www.ascii-art.de/ascii/c/cockatoo.txt]
[www.ascii-art.de/ascii/c/cockroach.txt]
[www.ascii-art.de/ascii/c/coffee.txt]
[www.ascii-art.de/ascii/c/coffin.txt]
[www.ascii-art.de/ascii/c/coke.txt]
[www.ascii-art.de/ascii/c/colibri.txt]
[www.ascii-art.de/ascii/c/colombia.txt]
[www.ascii-art.de/ascii/c/colt.txt]
[www.ascii-art.de/ascii/c/column.txt]
[www.ascii-art.de/ascii/c/comic.txt]
[www.ascii-art.de/ascii/c/comic_people.txt]
[www.ascii-art.de/ascii/c/compass.txt]
[www.ascii-art.de/ascii/c/compliments.txt]
[www.ascii-art.de/ascii/c/compost.txt]
[www.ascii-art.de/ascii/c/computer.txt]
[www.ascii-art.de/ascii/c/computer_games.txt]
[www.ascii-art.de/ascii/c/conan.txt]
[www.ascii-art.de/ascii/c/concert.txt]
[www.ascii-art.de/ascii/c/concorde.txt]
[www.ascii-art.de/ascii/c/condom.txt]
[www.ascii-art.de/ascii/c/confucious.txt]
[www.ascii-art.de/ascii/c/congas.txt]
[www.ascii-art.de/ascii/c/congrats.txt]
[www.ascii-art.de/ascii/c/construction.txt]
[www.ascii-art.de/ascii/c/continents.txt]
[www.ascii-art.de/ascii/c/contrabass.txt]
[www.ascii-art.de/ascii/c/contraception.txt]
[www.ascii-art.de/ascii/c/conversation.txt]
[www.ascii-art.de/ascii/c/cookies.txt]
[www.ascii-art.de/ascii/c/copyright.txt]
[www.ascii-art.de/ascii/c/corkscrew.txt]
[www.ascii-art.de/ascii/c/corn.txt]
[www.ascii-art.de/ascii/c/corn_flakes.txt]
[www.ascii-art.de/ascii/c/corridor.txt]
[www.ascii-art.de/ascii/c/corythosaurus.txt]
[www.ascii-art.de/ascii/c/cosine.txt]
[www.ascii-art.de/ascii/c/cottage.txt]
[www.ascii-art.de/ascii/c/couple.txt]
[www.ascii-art.de/ascii/c/court.txt]
[www.ascii-art.de/ascii/c/cover.txt]
[www.ascii-art.de/ascii/c/cow.txt]
[www.ascii-art.de/ascii/c/cowboy.txt]
[www.ascii-art.de/ascii/c/cowgirl.txt]
[www.ascii-art.de/ascii/c/coyote.txt]
[www.ascii-art.de/ascii/c/crab.txt]
[www.ascii-art.de/ascii/c/cracker.txt]
[www.ascii-art.de/ascii/c/cradle.txt]
[www.ascii-art.de/ascii/c/crane.txt]
[www.ascii-art.de/ascii/c/crap.txt]
[www.ascii-art.de/ascii/c/crash.txt]
[www.ascii-art.de/ascii/c/crayons.txt]
[www.ascii-art.de/ascii/c/creatures.txt]
[www.ascii-art.de/ascii/c/creek.txt]
[www.ascii-art.de/ascii/c/cricket.txt]
[www.ascii-art.de/ascii/c/crinoids.txt]
[www.ascii-art.de/ascii/c/crisps.txt]
[www.ascii-art.de/ascii/c/croatia.txt]
[www.ascii-art.de/ascii/c/crocodile.txt]
[www.ascii-art.de/ascii/c/cross.txt]
[www.ascii-art.de/ascii/c/cross_section.txt]
[www.ascii-art.de/ascii/c/crossbow.txt]
[www.ascii-art.de/ascii/c/crossword.txt]
[www.ascii-art.de/ascii/c/crow.txt]
[www.ascii-art.de/ascii/c/crown.txt]
[www.ascii-art.de/ascii/c/crutch.txt]
[www.ascii-art.de/ascii/c/crying.txt]
[www.ascii-art.de/ascii/c/cryptography.txt]
[www.ascii-art.de/ascii/c/crystal_ball.txt]
[www.ascii-art.de/ascii/c/cube.txt]
[www.ascii-art.de/ascii/c/cubicle.txt]
[www.ascii-art.de/ascii/c/cubism.txt]
[www.ascii-art.de/ascii/c/cuckoo.txt]
[www.ascii-art.de/ascii/c/cup.txt]
[www.ascii-art.de/ascii/c/cupcake.txt]
[www.ascii-art.de/ascii/c/cupid.txt]
[www.ascii-art.de/ascii/c/curtain.txt]
[www.ascii-art.de/ascii/c/cut.txt]
[www.ascii-art.de/ascii/c/cyberlife.txt]
[www.ascii-art.de/ascii/c/cyberpunk.txt]
[www.ascii-art.de/ascii/c/cyborg.txt]
[www.ascii-art.de/ascii/c/cycling.txt]
[www.ascii-art.de/ascii/c/cyclist.txt]
[www.ascii-art.de/ascii/c/cyclops.txt]
[www.ascii-art.de/ascii/c/cylinder.txt]
[www.ascii-art.de/ascii/index_c.html]
[www.ascii-art.de/ascii/def/dachshund.txt]
[www.ascii-art.de/ascii/def/daffodils.txt]
[www.ascii-art.de/ascii/def/daffy_duck.txt]
[www.ascii-art.de/ascii/def/dagger.txt]
[www.ascii-art.de/ascii/def/daisies.txt]
[www.ascii-art.de/ascii/def/dali.txt]
[www.ascii-art.de/ascii/def/dancing.txt]
[www.ascii-art.de/ascii/def/dandelion.txt]
[www.ascii-art.de/ascii/def/darts.txt]
[www.ascii-art.de/ascii/def/darwin.txt]
[www.ascii-art.de/ascii/def/date.txt]
[www.ascii-art.de/ascii/def/day_ofthe_tentacle.txt]
[www.ascii-art.de/ascii/def/dazed.txt]
[www.ascii-art.de/ascii/def/ddr.txt]
[www.ascii-art.de/ascii/def/deaf.txt]
[www.ascii-art.de/ascii/def/death-bed.txt]
[www.ascii-art.de/ascii/def/death.txt]
[www.ascii-art.de/ascii/def/deathstar.txt]
[www.ascii-art.de/ascii/def/deck_chair.txt]
[www.ascii-art.de/ascii/def/decoration.txt]
[www.ascii-art.de/ascii/def/deer.txt]
[www.ascii-art.de/ascii/def/degas.txt]
[www.ascii-art.de/ascii/def/deja_vu.txt]
[www.ascii-art.de/ascii/def/demon.txt]
[www.ascii-art.de/ascii/def/denmark.txt]
[www.ascii-art.de/ascii/def/dentist.txt]
[www.ascii-art.de/ascii/def/desert.txt]
[www.ascii-art.de/ascii/def/desk.txt]
[www.ascii-art.de/ascii/def/desktop.txt]
[www.ascii-art.de/ascii/def/detective.txt]
[www.ascii-art.de/ascii/def/detonation.txt]
[www.ascii-art.de/ascii/def/devil.txt]
[www.ascii-art.de/ascii/def/diagnosis.txt]
[www.ascii-art.de/ascii/def/diamond.txt]
[www.ascii-art.de/ascii/def/diana.txt]
[www.ascii-art.de/ascii/def/dice.txt]
[www.ascii-art.de/ascii/def/dictionary.txt]
[www.ascii-art.de/ascii/def/diddle.txt]
[www.ascii-art.de/ascii/def/dilbert.txt]
[www.ascii-art.de/ascii/def/dining.txt]
[www.ascii-art.de/ascii/def/dinner.txt]
[www.ascii-art.de/ascii/def/dinosaur.txt]
[www.ascii-art.de/ascii/def/diploma.txt]
[www.ascii-art.de/ascii/def/disappointment.txt]
[www.ascii-art.de/ascii/def/disco.txt]
[www.ascii-art.de/ascii/def/disconnected.txt]
[www.ascii-art.de/ascii/def/discworld.txt]
[www.ascii-art.de/ascii/def/disk.txt]
[www.ascii-art.de/ascii/def/disney.txt]
[www.ascii-art.de/ascii/def/disobey.txt]
[www.ascii-art.de/ascii/def/dispenser.txt]
[www.ascii-art.de/ascii/def/dither.txt]
[www.ascii-art.de/ascii/def/diver.txt]
[www.ascii-art.de/ascii/def/diving.txt]
[www.ascii-art.de/ascii/def/dj.txt]
[www.ascii-art.de/ascii/def/dna.txt]
[www.ascii-art.de/ascii/def/doctor.txt]
[www.ascii-art.de/ascii/def/dodecahedron.txt]
[www.ascii-art.de/ascii/def/dodge.txt]
[www.ascii-art.de/ascii/def/dogs.txt]
[www.ascii-art.de/ascii/def/doll.txt]
[www.ascii-art.de/ascii/def/dollar.txt]
[www.ascii-art.de/ascii/def/dolphin.txt]
[www.ascii-art.de/ascii/def/domina.txt]
[www.ascii-art.de/ascii/def/dominos.txt]
[www.ascii-art.de/ascii/def/don_quixote.txt]
[www.ascii-art.de/ascii/def/donald_duck.txt]
[www.ascii-art.de/ascii/def/donkey.txt]
[www.ascii-art.de/ascii/def/donut.txt]
[www.ascii-art.de/ascii/def/doom.txt]
[www.ascii-art.de/ascii/def/door.txt]
[www.ascii-art.de/ascii/def/dortmund.txt]
[www.ascii-art.de/ascii/def/dots.txt]
[www.ascii-art.de/ascii/def/dove.txt]
[www.ascii-art.de/ascii/def/dowel.txt]
[www.ascii-art.de/ascii/def/doze.txt]
[www.ascii-art.de/ascii/def/dr_who.txt]
[www.ascii-art.de/ascii/def/dragon.txt]
[www.ascii-art.de/ascii/def/dragon_ball.txt]
[www.ascii-art.de/ascii/def/dragonfly.txt]
[www.ascii-art.de/ascii/def/dragons_maze.txt]
[www.ascii-art.de/ascii/def/draw.txt]
[www.ascii-art.de/ascii/def/drawbridge.txt]
[www.ascii-art.de/ascii/def/drawer.txt]
[www.ascii-art.de/ascii/def/drawing.txt]
[www.ascii-art.de/ascii/def/dream.txt]
[www.ascii-art.de/ascii/def/dreamcatcher.txt]
[www.ascii-art.de/ascii/def/dredger.txt]
[www.ascii-art.de/ascii/def/dress.txt]
[www.ascii-art.de/ascii/def/drill.txt]
[www.ascii-art.de/ascii/def/drink.txt]
[www.ascii-art.de/ascii/def/drizzle.txt]
[www.ascii-art.de/ascii/def/dromedary.txt]
[www.ascii-art.de/ascii/def/drone.txt]
[www.ascii-art.de/ascii/def/drops.txt]
[www.ascii-art.de/ascii/def/druid.txt]
[www.ascii-art.de/ascii/def/drums.txt]
[www.ascii-art.de/ascii/def/drunks.txt]
[www.ascii-art.de/ascii/def/duchamp.txt]
[www.ascii-art.de/ascii/def/ducks.txt]
[www.ascii-art.de/ascii/def/duel.txt]
[www.ascii-art.de/ascii/def/duerer.txt]
[www.ascii-art.de/ascii/def/dune.txt]
[www.ascii-art.de/ascii/def/dungeon.txt]
[www.ascii-art.de/ascii/def/dust.txt]
[www.ascii-art.de/ascii/def/dutch.txt]
[www.ascii-art.de/ascii/def/dwarf.txt]
[www.ascii-art.de/ascii/def/dynamite.txt]
[www.ascii-art.de/ascii/def/e.txt]
[www.ascii-art.de/ascii/def/eagle.txt]
[www.ascii-art.de/ascii/def/ear-muffs.txt]
[www.ascii-art.de/ascii/def/ear.txt]
[www.ascii-art.de/ascii/def/earing.txt]
[www.ascii-art.de/ascii/def/early_man.txt]
[www.ascii-art.de/ascii/def/earth.txt]
[www.ascii-art.de/ascii/def/earthworm.txt]
[www.ascii-art.de/ascii/def/easter.txt]
[www.ascii-art.de/ascii/def/eat.txt]
[www.ascii-art.de/ascii/def/echidna.txt]
[www.ascii-art.de/ascii/def/eclipse.txt]
[www.ascii-art.de/ascii/def/eden.txt]
[www.ascii-art.de/ascii/def/edgar.txt]
[www.ascii-art.de/ascii/def/edge.txt]
[www.ascii-art.de/ascii/def/education.txt]
[www.ascii-art.de/ascii/def/egg.txt]
[www.ascii-art.de/ascii/def/eggshell.txt]
[www.ascii-art.de/ascii/def/egyptian.txt]
[www.ascii-art.de/ascii/def/eiffel_tower.txt]
[www.ascii-art.de/ascii/def/einstein.txt]
[www.ascii-art.de/ascii/def/electronic.txt]
[www.ascii-art.de/ascii/def/elephant.txt]
[www.ascii-art.de/ascii/def/elf.txt]
[www.ascii-art.de/ascii/def/elgy.txt]
[www.ascii-art.de/ascii/def/elk.txt]
[www.ascii-art.de/ascii/def/elvis.txt]
[www.ascii-art.de/ascii/def/embryo.txt]
[www.ascii-art.de/ascii/def/enema.txt]
[www.ascii-art.de/ascii/def/engine.txt]
[www.ascii-art.de/ascii/def/engineer.txt]
[www.ascii-art.de/ascii/def/enterprise.txt]
[www.ascii-art.de/ascii/def/envelope.txt]
[www.ascii-art.de/ascii/def/ernie+bert.txt]
[www.ascii-art.de/ascii/def/error.txt]
[www.ascii-art.de/ascii/def/escher.txt]
[www.ascii-art.de/ascii/def/escort.txt]
[www.ascii-art.de/ascii/def/eskimo.txt]
[www.ascii-art.de/ascii/def/ethanol.txt]
[www.ascii-art.de/ascii/def/euro.txt]
[www.ascii-art.de/ascii/def/europe.txt]
[www.ascii-art.de/ascii/def/evidence.txt]
[www.ascii-art.de/ascii/def/ewe.txt]
[www.ascii-art.de/ascii/def/excalibur.txt]
[www.ascii-art.de/ascii/def/excavator.txt]
[www.ascii-art.de/ascii/def/excuse.txt]
[www.ascii-art.de/ascii/def/execute.txt]
[www.ascii-art.de/ascii/def/exhibitionist.txt]
[www.ascii-art.de/ascii/def/explosion.txt]
[www.ascii-art.de/ascii/def/extinguisher.txt]
[www.ascii-art.de/ascii/def/extraterrestrian.txt]
[www.ascii-art.de/ascii/def/eye.txt]
[www.ascii-art.de/ascii/def/eyeball.txt]
[www.ascii-art.de/ascii/def/face.txt]
[www.ascii-art.de/ascii/def/factory.txt]
[www.ascii-art.de/ascii/def/fags.txt]
[www.ascii-art.de/ascii/def/fairy-tale.txt]
[www.ascii-art.de/ascii/def/fairy.txt]
[www.ascii-art.de/ascii/def/fake.txt]
[www.ascii-art.de/ascii/def/fall.txt]
[www.ascii-art.de/ascii/def/falling.txt]
[www.ascii-art.de/ascii/def/family.txt]
[www.ascii-art.de/ascii/def/fantasy.txt]
[www.ascii-art.de/ascii/def/farm.txt]
[www.ascii-art.de/ascii/def/fart.txt]
[www.ascii-art.de/ascii/def/fashion.txt]
[www.ascii-art.de/ascii/def/fast_food.txt]
[www.ascii-art.de/ascii/def/fat.txt]
[www.ascii-art.de/ascii/def/father.txt]
[www.ascii-art.de/ascii/def/faucet.txt]
[www.ascii-art.de/ascii/def/fax.txt]
[www.ascii-art.de/ascii/def/fear.txt]
[www.ascii-art.de/ascii/def/feather.txt]
[www.ascii-art.de/ascii/def/feet.txt]
[www.ascii-art.de/ascii/def/female_in_dots.txt]
[www.ascii-art.de/ascii/def/femininity.txt]
[www.ascii-art.de/ascii/def/fence.txt]
[www.ascii-art.de/ascii/def/fences.txt]
[www.ascii-art.de/ascii/def/fencing.txt]
[www.ascii-art.de/ascii/def/ferret.txt]
[www.ascii-art.de/ascii/def/ferris_wheel.txt]
[www.ascii-art.de/ascii/def/fever.txt]
[www.ascii-art.de/ascii/def/fight.txt]
[www.ascii-art.de/ascii/def/fighter.txt]
[www.ascii-art.de/ascii/def/figure.txt]
[www.ascii-art.de/ascii/def/file_cabinet.txt]
[www.ascii-art.de/ascii/def/filling_station.txt]
[www.ascii-art.de/ascii/def/film.txt]
[www.ascii-art.de/ascii/def/finger.txt]
[www.ascii-art.de/ascii/def/fingerboard.txt]
[www.ascii-art.de/ascii/def/finland.txt]
[www.ascii-art.de/ascii/def/fire.txt]
[www.ascii-art.de/ascii/def/fire_engine.txt]
[www.ascii-art.de/ascii/def/fireman.txt]
[www.ascii-art.de/ascii/def/fireplace.txt]
[www.ascii-art.de/ascii/def/fireside.txt]
[www.ascii-art.de/ascii/def/first_aid.txt]
[www.ascii-art.de/ascii/def/fish.txt]
[www.ascii-art.de/ascii/def/fishbone.txt]
[www.ascii-art.de/ascii/def/fishbowl.txt]
[www.ascii-art.de/ascii/def/fishing.txt]
[www.ascii-art.de/ascii/def/fishtank.txt]
[www.ascii-art.de/ascii/def/fishwheel.txt]
[www.ascii-art.de/ascii/def/fist.txt]
[www.ascii-art.de/ascii/def/fitness.txt]
[www.ascii-art.de/ascii/def/flags.txt]
[www.ascii-art.de/ascii/def/flame.txt]
[www.ascii-art.de/ascii/def/flameform.txt]
[www.ascii-art.de/ascii/def/flamenco.txt]
[www.ascii-art.de/ascii/def/flamethrower.txt]
[www.ascii-art.de/ascii/def/flamingo.txt]
[www.ascii-art.de/ascii/def/flashlight.txt]
[www.ascii-art.de/ascii/def/flat.txt]
[www.ascii-art.de/ascii/def/flatfish.txt]
[www.ascii-art.de/ascii/def/fleur_de_lis.txt]
[www.ascii-art.de/ascii/def/flintstone.txt]
[www.ascii-art.de/ascii/def/float.txt]
[www.ascii-art.de/ascii/def/floatplane.txt]
[www.ascii-art.de/ascii/def/floppy.txt]
[www.ascii-art.de/ascii/def/flowers.txt]
[www.ascii-art.de/ascii/def/flowsheet.txt]
[www.ascii-art.de/ascii/def/flu.txt]
[www.ascii-art.de/ascii/def/flute.txt]
[www.ascii-art.de/ascii/def/fly.txt]
[www.ascii-art.de/ascii/def/fly_fishing.txt]
[www.ascii-art.de/ascii/def/flyswatter.txt]
[www.ascii-art.de/ascii/def/flywheel.txt]
[www.ascii-art.de/ascii/def/foghorn.txt]
[www.ascii-art.de/ascii/def/fokker.txt]
[www.ascii-art.de/ascii/def/fonts.txt]
[www.ascii-art.de/ascii/def/food.txt]
[www.ascii-art.de/ascii/def/fool.txt]
[www.ascii-art.de/ascii/def/foosball.txt]
[www.ascii-art.de/ascii/def/footbag.txt]
[www.ascii-art.de/ascii/def/football.txt]
[www.ascii-art.de/ascii/def/footprint.txt]
[www.ascii-art.de/ascii/def/forest.txt]
[www.ascii-art.de/ascii/def/fork.txt]
[www.ascii-art.de/ascii/def/formula1.txt]
[www.ascii-art.de/ascii/def/fortress.txt]
[www.ascii-art.de/ascii/def/fortune.txt]
[www.ascii-art.de/ascii/def/fountain.txt]
[www.ascii-art.de/ascii/def/fox.txt]
[www.ascii-art.de/ascii/def/fractal.txt]
[www.ascii-art.de/ascii/def/frame.txt]
[www.ascii-art.de/ascii/def/france.txt]
[www.ascii-art.de/ascii/def/frankenstein.txt]
[www.ascii-art.de/ascii/def/french.txt]
[www.ascii-art.de/ascii/def/friday.txt]
[www.ascii-art.de/ascii/def/friends.txt]
[www.ascii-art.de/ascii/def/frog.txt]
[www.ascii-art.de/ascii/def/fruit.txt]
[www.ascii-art.de/ascii/def/fuji.txt]
[www.ascii-art.de/ascii/def/funeral.txt]
[www.ascii-art.de/ascii/def/fungus.txt]
[www.ascii-art.de/ascii/def/funny_bone.txt]
[www.ascii-art.de/ascii/def/furniture.txt]
[www.ascii-art.de/ascii/def/futurama.txt]
[www.ascii-art.de/ascii/def/future.txt]
[www.ascii-art.de/ascii/index_def.html]
[www.ascii-art.de/ascii/ghi/gadget.txt]
[www.ascii-art.de/ascii/ghi/galleon.txt]
[www.ascii-art.de/ascii/ghi/gallery.txt]
[www.ascii-art.de/ascii/ghi/galley.txt]
[www.ascii-art.de/ascii/ghi/gallows.txt]
[www.ascii-art.de/ascii/ghi/gameboy.txt]
[www.ascii-art.de/ascii/ghi/games.txt]
[www.ascii-art.de/ascii/ghi/gandalf.txt]
[www.ascii-art.de/ascii/ghi/ganesha.txt]
[www.ascii-art.de/ascii/ghi/garden.txt]
[www.ascii-art.de/ascii/ghi/garfield.txt]
[www.ascii-art.de/ascii/ghi/gargoyle.txt]
[www.ascii-art.de/ascii/ghi/gary_larson.txt]
[www.ascii-art.de/ascii/ghi/gasket.txt]
[www.ascii-art.de/ascii/ghi/gasoline.txt]
[www.ascii-art.de/ascii/ghi/gate.txt]
[www.ascii-art.de/ascii/ghi/gavel.txt]
[www.ascii-art.de/ascii/ghi/gazebo.txt]
[www.ascii-art.de/ascii/ghi/gecko.txt]
[www.ascii-art.de/ascii/ghi/geek.txt]
[www.ascii-art.de/ascii/ghi/geenie.txt]
[www.ascii-art.de/ascii/ghi/gel.txt]
[www.ascii-art.de/ascii/ghi/gemini.txt]
[www.ascii-art.de/ascii/ghi/gems.txt]
[www.ascii-art.de/ascii/ghi/general.txt]
[www.ascii-art.de/ascii/ghi/generic.txt]
[www.ascii-art.de/ascii/ghi/genesis.txt]
[www.ascii-art.de/ascii/ghi/genii.txt]
[www.ascii-art.de/ascii/ghi/gents_room.txt]
[www.ascii-art.de/ascii/ghi/geometry.txt]
[www.ascii-art.de/ascii/ghi/germany.txt]
[www.ascii-art.de/ascii/ghi/get_well.txt]
[www.ascii-art.de/ascii/ghi/gheez.txt]
[www.ascii-art.de/ascii/ghi/ghost.txt]
[www.ascii-art.de/ascii/ghi/giant.txt]
[www.ascii-art.de/ascii/ghi/giesha.txt]
[www.ascii-art.de/ascii/ghi/gifscii.txt]
[www.ascii-art.de/ascii/ghi/gift.txt]
[www.ascii-art.de/ascii/ghi/gin-tonic.txt]
[www.ascii-art.de/ascii/ghi/gingerbread.txt]
[www.ascii-art.de/ascii/ghi/giraffe.txt]
[www.ascii-art.de/ascii/ghi/girl.txt]
[www.ascii-art.de/ascii/ghi/glasses.txt]
[www.ascii-art.de/ascii/ghi/glitter.txt]
[www.ascii-art.de/ascii/ghi/globe.txt]
[www.ascii-art.de/ascii/ghi/gloves.txt]
[www.ascii-art.de/ascii/ghi/gnome.txt]
[www.ascii-art.de/ascii/ghi/gnu.txt]
[www.ascii-art.de/ascii/ghi/go.txt]
[www.ascii-art.de/ascii/ghi/goalkeeper.txt]
[www.ascii-art.de/ascii/ghi/goat.txt]
[www.ascii-art.de/ascii/ghi/goblet.txt]
[www.ascii-art.de/ascii/ghi/goblin.txt]
[www.ascii-art.de/ascii/ghi/godzilla.txt]
[www.ascii-art.de/ascii/ghi/goldfish.txt]
[www.ascii-art.de/ascii/ghi/golf.txt]
[www.ascii-art.de/ascii/ghi/gong.txt]
[www.ascii-art.de/ascii/ghi/goofy.txt]
[www.ascii-art.de/ascii/ghi/goose.txt]
[www.ascii-art.de/ascii/ghi/gorch_fock.txt]
[www.ascii-art.de/ascii/ghi/gorilla.txt]
[www.ascii-art.de/ascii/ghi/gown.txt]
[www.ascii-art.de/ascii/ghi/gozunda.txt]
[www.ascii-art.de/ascii/ghi/graduation.txt]
[www.ascii-art.de/ascii/ghi/graffiti.txt]
[www.ascii-art.de/ascii/ghi/grail.txt]
[www.ascii-art.de/ascii/ghi/gramophone.txt]
[www.ascii-art.de/ascii/ghi/grandma.txt]
[www.ascii-art.de/ascii/ghi/grandpa.txt]
[www.ascii-art.de/ascii/ghi/grapefruit.txt]
[www.ascii-art.de/ascii/ghi/grapes.txt]
[www.ascii-art.de/ascii/ghi/graph.txt]
[www.ascii-art.de/ascii/ghi/grasshopper.txt]
[www.ascii-art.de/ascii/ghi/grave.txt]
[www.ascii-art.de/ascii/ghi/great_btitain.txt]
[www.ascii-art.de/ascii/ghi/greek.txt]
[www.ascii-art.de/ascii/ghi/greyhound.txt]
[www.ascii-art.de/ascii/ghi/grid.txt]
[www.ascii-art.de/ascii/ghi/griffin.txt]
[www.ascii-art.de/ascii/ghi/grill.txt]
[www.ascii-art.de/ascii/ghi/grin.txt]
[www.ascii-art.de/ascii/ghi/grinch.txt]
[www.ascii-art.de/ascii/ghi/groove.txt]
[www.ascii-art.de/ascii/ghi/gryphon.txt]
[www.ascii-art.de/ascii/ghi/gtx.txt]
[www.ascii-art.de/ascii/ghi/guano.txt]
[www.ascii-art.de/ascii/ghi/guardiana.txt]
[www.ascii-art.de/ascii/ghi/guenon.txt]
[www.ascii-art.de/ascii/ghi/guillotine.txt]
[www.ascii-art.de/ascii/ghi/guilty.txt]
[www.ascii-art.de/ascii/ghi/guitar.txt]
[www.ascii-art.de/ascii/ghi/gulden.txt]
[www.ascii-art.de/ascii/ghi/gumbball.txt]
[www.ascii-art.de/ascii/ghi/gun.txt]
[www.ascii-art.de/ascii/ghi/guy.txt]
[www.ascii-art.de/ascii/ghi/h2o.txt]
[www.ascii-art.de/ascii/ghi/hacker.txt]
[www.ascii-art.de/ascii/ghi/hagar.txt]
[www.ascii-art.de/ascii/ghi/hair.txt]
[www.ascii-art.de/ascii/ghi/halberd.txt]
[www.ascii-art.de/ascii/ghi/halfpipe.txt]
[www.ascii-art.de/ascii/ghi/halloween.txt]
[www.ascii-art.de/ascii/ghi/hallucigenia.txt]
[www.ascii-art.de/ascii/ghi/hallway.txt]
[www.ascii-art.de/ascii/ghi/hamburg.txt]
[www.ascii-art.de/ascii/ghi/hamlet.txt]
[www.ascii-art.de/ascii/ghi/hammer.txt]
[www.ascii-art.de/ascii/ghi/hammock.txt]
[www.ascii-art.de/ascii/ghi/hamster.txt]
[www.ascii-art.de/ascii/ghi/hand.txt]
[www.ascii-art.de/ascii/ghi/hand_doll.txt]
[www.ascii-art.de/ascii/ghi/handcuffs.txt]
[www.ascii-art.de/ascii/ghi/handgranade.txt]
[www.ascii-art.de/ascii/ghi/handicap.txt]
[www.ascii-art.de/ascii/ghi/handkerchief.txt]
[www.ascii-art.de/ascii/ghi/hanggliding.txt]
[www.ascii-art.de/ascii/ghi/hanging.txt]
[www.ascii-art.de/ascii/ghi/hangman.txt]
[www.ascii-art.de/ascii/ghi/hangul.txt]
[www.ascii-art.de/ascii/ghi/hannover.txt]
[www.ascii-art.de/ascii/ghi/hanson.txt]
[www.ascii-art.de/ascii/ghi/happybirthday.txt]
[www.ascii-art.de/ascii/ghi/harmonica.txt]
[www.ascii-art.de/ascii/ghi/harp.txt]
[www.ascii-art.de/ascii/ghi/harpy.txt]
[www.ascii-art.de/ascii/ghi/harry_potter.txt]
[www.ascii-art.de/ascii/ghi/hart.txt]
[www.ascii-art.de/ascii/ghi/hasch.txt]
[www.ascii-art.de/ascii/ghi/hat.txt]
[www.ascii-art.de/ascii/ghi/hatch.txt]
[www.ascii-art.de/ascii/ghi/haunted.txt]
[www.ascii-art.de/ascii/ghi/hawk.txt]
[www.ascii-art.de/ascii/ghi/head.txt]
[www.ascii-art.de/ascii/ghi/headache.txt]
[www.ascii-art.de/ascii/ghi/headlock.txt]
[www.ascii-art.de/ascii/ghi/heart.txt]
[www.ascii-art.de/ascii/ghi/heaven.txt]
[www.ascii-art.de/ascii/ghi/hebrew.txt]
[www.ascii-art.de/ascii/ghi/hedgehog.txt]
[www.ascii-art.de/ascii/ghi/heelflip.txt]
[www.ascii-art.de/ascii/ghi/helicopter.txt]
[www.ascii-art.de/ascii/ghi/helix.txt]
[www.ascii-art.de/ascii/ghi/hell.txt]
[www.ascii-art.de/ascii/ghi/helmet.txt]
[www.ascii-art.de/ascii/ghi/hemp.txt]
[www.ascii-art.de/ascii/ghi/hercules.txt]
[www.ascii-art.de/ascii/ghi/heretic.txt]
[www.ascii-art.de/ascii/ghi/heron.txt]
[www.ascii-art.de/ascii/ghi/hexagon.txt]
[www.ascii-art.de/ascii/ghi/hibiscus.txt]
[www.ascii-art.de/ascii/ghi/hieroglyphs.txt]
[www.ascii-art.de/ascii/ghi/high_heels.txt]
[www.ascii-art.de/ascii/ghi/highlander.txt]
[www.ascii-art.de/ascii/ghi/highway.txt]
[www.ascii-art.de/ascii/ghi/highwayman.txt]
[www.ascii-art.de/ascii/ghi/hills.txt]
[www.ascii-art.de/ascii/ghi/hindu.txt]
[www.ascii-art.de/ascii/ghi/hippie.txt]
[www.ascii-art.de/ascii/ghi/hippo.txt]
[www.ascii-art.de/ascii/ghi/hippocampus.txt]
[www.ascii-art.de/ascii/ghi/hiragana.txt]
[www.ascii-art.de/ascii/ghi/history.txt]
[www.ascii-art.de/ascii/ghi/hit.txt]
[www.ascii-art.de/ascii/ghi/hitch_hiking.txt]
[www.ascii-art.de/ascii/ghi/hitchcock.txt]
[www.ascii-art.de/ascii/ghi/hitchikers_guide.txt]
[www.ascii-art.de/ascii/ghi/hitler.txt]
[www.ascii-art.de/ascii/ghi/hobbes.txt]
[www.ascii-art.de/ascii/ghi/hobbit.txt]
[www.ascii-art.de/ascii/ghi/hockey.txt]
[www.ascii-art.de/ascii/ghi/hole.txt]
[www.ascii-art.de/ascii/ghi/holiday.txt]
[www.ascii-art.de/ascii/ghi/hollywood.txt]
[www.ascii-art.de/ascii/ghi/home.txt]
[www.ascii-art.de/ascii/ghi/homer.txt]
[www.ascii-art.de/ascii/ghi/honeymoon.txt]
[www.ascii-art.de/ascii/ghi/hookah.txt]
[www.ascii-art.de/ascii/ghi/hop.txt]
[www.ascii-art.de/ascii/ghi/horizon.txt]
[www.ascii-art.de/ascii/ghi/horn.txt]
[www.ascii-art.de/ascii/ghi/horse.txt]
[www.ascii-art.de/ascii/ghi/horseshoe.txt]
[www.ascii-art.de/ascii/ghi/hospital.txt]
[www.ascii-art.de/ascii/ghi/hostess.txt]
[www.ascii-art.de/ascii/ghi/hot_sex.txt]
[www.ascii-art.de/ascii/ghi/hot_water_bottle.txt]
[www.ascii-art.de/ascii/ghi/hotair_ballon.txt]
[www.ascii-art.de/ascii/ghi/hotdog.txt]
[www.ascii-art.de/ascii/ghi/hotel.txt]
[www.ascii-art.de/ascii/ghi/hourglass.txt]
[www.ascii-art.de/ascii/ghi/house.txt]
[www.ascii-art.de/ascii/ghi/hover.txt]
[www.ascii-art.de/ascii/ghi/howitzer.txt]
[www.ascii-art.de/ascii/ghi/html.txt]
[www.ascii-art.de/ascii/ghi/hug.txt]
[www.ascii-art.de/ascii/ghi/hulahoop.txt]
[www.ascii-art.de/ascii/ghi/hummingbird.txt]
[www.ascii-art.de/ascii/ghi/humpty_dumpty.txt]
[www.ascii-art.de/ascii/ghi/hundoshi.txt]
[www.ascii-art.de/ascii/ghi/hungary.txt]
[www.ascii-art.de/ascii/ghi/hungry.txt]
[www.ascii-art.de/ascii/ghi/hunting.txt]
[www.ascii-art.de/ascii/ghi/hurdles.txt]
[www.ascii-art.de/ascii/ghi/hurry.txt]
[www.ascii-art.de/ascii/ghi/husband+wife.txt]
[www.ascii-art.de/ascii/ghi/hut.txt]
[www.ascii-art.de/ascii/ghi/hydrant.txt]
[www.ascii-art.de/ascii/ghi/hyena.txt]
[www.ascii-art.de/ascii/ghi/hypnosis.txt]
[www.ascii-art.de/ascii/ghi/ice_hockey.txt]
[www.ascii-art.de/ascii/ghi/icebear.txt]
[www.ascii-art.de/ascii/ghi/icecream.txt]
[www.ascii-art.de/ascii/ghi/icecube.txt]
[www.ascii-art.de/ascii/ghi/iceskater.txt]
[www.ascii-art.de/ascii/ghi/icicles.txt]
[www.ascii-art.de/ascii/ghi/icon.txt]
[www.ascii-art.de/ascii/ghi/igloo.txt]
[www.ascii-art.de/ascii/ghi/igor.txt]
[www.ascii-art.de/ascii/ghi/iguana.txt]
[www.ascii-art.de/ascii/ghi/ill.txt]
[www.ascii-art.de/ascii/ghi/illuminati.txt]
[www.ascii-art.de/ascii/ghi/illusions.txt]
[www.ascii-art.de/ascii/ghi/impossible.txt]
[www.ascii-art.de/ascii/ghi/inca.txt]
[www.ascii-art.de/ascii/ghi/india.txt]
[www.ascii-art.de/ascii/ghi/indian.txt]
[www.ascii-art.de/ascii/ghi/indy_car.txt]
[www.ascii-art.de/ascii/ghi/infininty.txt]
[www.ascii-art.de/ascii/ghi/info.txt]
[www.ascii-art.de/ascii/ghi/initials.txt]
[www.ascii-art.de/ascii/ghi/injury.txt]
[www.ascii-art.de/ascii/ghi/ink.txt]
[www.ascii-art.de/ascii/ghi/insanity.txt]
[www.ascii-art.de/ascii/ghi/insects.txt]
[www.ascii-art.de/ascii/ghi/intel.txt]
[www.ascii-art.de/ascii/ghi/internet.txt]
[www.ascii-art.de/ascii/ghi/invisible.txt]
[www.ascii-art.de/ascii/ghi/ireland.txt]
[www.ascii-art.de/ascii/ghi/iris.txt]
[www.ascii-art.de/ascii/ghi/ironing.txt]
[www.ascii-art.de/ascii/ghi/isis.txt]
[www.ascii-art.de/ascii/ghi/island.txt]
[www.ascii-art.de/ascii/ghi/isometric.txt]
[www.ascii-art.de/ascii/ghi/italian.txt]
[www.ascii-art.de/ascii/index_ghi.html]
[www.ascii-art.de/ascii/jkl/jackinthebox.txt]
[www.ascii-art.de/ascii/jkl/jail.txt]
[www.ascii-art.de/ascii/jkl/janus.txt]
[www.ascii-art.de/ascii/jkl/japan.txt]
[www.ascii-art.de/ascii/jkl/javelin.txt]
[www.ascii-art.de/ascii/jkl/jazz.txt]
[www.ascii-art.de/ascii/jkl/jeep.txt]
[www.ascii-art.de/ascii/jkl/jellyfish.txt]
[www.ascii-art.de/ascii/jkl/jester.txt]
[www.ascii-art.de/ascii/jkl/jesus.txt]
[www.ascii-art.de/ascii/jkl/jetsons.txt]
[www.ascii-art.de/ascii/jkl/jewels.txt]
[www.ascii-art.de/ascii/jkl/jewish.txt]
[www.ascii-art.de/ascii/jkl/jfk.txt]
[www.ascii-art.de/ascii/jkl/jgs.txt]
[www.ascii-art.de/ascii/jkl/jockey.txt]
[www.ascii-art.de/ascii/jkl/joke.txt]
[www.ascii-art.de/ascii/jkl/joker.txt]
[www.ascii-art.de/ascii/jkl/jolly_roger.txt]
[www.ascii-art.de/ascii/jkl/journey_to_the_moon.txt]
[www.ascii-art.de/ascii/jkl/joyce.txt]
[www.ascii-art.de/ascii/jkl/joystick.txt]
[www.ascii-art.de/ascii/jkl/judaism.txt]
[www.ascii-art.de/ascii/jkl/judo.txt]
[www.ascii-art.de/ascii/jkl/jug.txt]
[www.ascii-art.de/ascii/jkl/juggling.txt]
[www.ascii-art.de/ascii/jkl/juice.txt]
[www.ascii-art.de/ascii/jkl/jukebox.txt]
[www.ascii-art.de/ascii/jkl/jump.txt]
[www.ascii-art.de/ascii/jkl/jumper.txt]
[www.ascii-art.de/ascii/jkl/jungle.txt]
[www.ascii-art.de/ascii/jkl/jungle_book.txt]
[www.ascii-art.de/ascii/jkl/justicia.txt]
[www.ascii-art.de/ascii/jkl/kama.txt]
[www.ascii-art.de/ascii/jkl/kama_sutra.txt]
[www.ascii-art.de/ascii/jkl/kangaroo.txt]
[www.ascii-art.de/ascii/jkl/kanji.txt]
[www.ascii-art.de/ascii/jkl/karate.txt]
[www.ascii-art.de/ascii/jkl/katakana.txt]
[www.ascii-art.de/ascii/jkl/kayak.txt]
[www.ascii-art.de/ascii/jkl/kelloggs.txt]
[www.ascii-art.de/ascii/jkl/kermit.txt]
[www.ascii-art.de/ascii/jkl/kettle.txt]
[www.ascii-art.de/ascii/jkl/key.txt]
[www.ascii-art.de/ascii/jkl/keyboard.txt]
[www.ascii-art.de/ascii/jkl/keyhole.txt]
[www.ascii-art.de/ascii/jkl/kgb.txt]
[www.ascii-art.de/ascii/jkl/kick.txt]
[www.ascii-art.de/ascii/jkl/kickboard.txt]
[www.ascii-art.de/ascii/jkl/kids.txt]
[www.ascii-art.de/ascii/jkl/kilroy.txt]
[www.ascii-art.de/ascii/jkl/kimono.txt]
[www.ascii-art.de/ascii/jkl/king.txt]
[www.ascii-art.de/ascii/jkl/king_of_hearts.txt]
[www.ascii-art.de/ascii/jkl/kingkong.txt]
[www.ascii-art.de/ascii/jkl/kiss.txt]
[www.ascii-art.de/ascii/jkl/kitchen.txt]
[www.ascii-art.de/ascii/jkl/kite.txt]
[www.ascii-art.de/ascii/jkl/kitten.txt]
[www.ascii-art.de/ascii/jkl/kiwi.txt]
[www.ascii-art.de/ascii/jkl/kleenex.txt]
[www.ascii-art.de/ascii/jkl/klein_bottle.txt]
[www.ascii-art.de/ascii/jkl/knife.txt]
[www.ascii-art.de/ascii/jkl/knights.txt]
[www.ascii-art.de/ascii/jkl/knive.txt]
[www.ascii-art.de/ascii/jkl/knots.txt]
[www.ascii-art.de/ascii/jkl/koala.txt]
[www.ascii-art.de/ascii/jkl/koeln.txt]
[www.ascii-art.de/ascii/jkl/korea.txt]
[www.ascii-art.de/ascii/jkl/korean.txt]
[www.ascii-art.de/ascii/jkl/ku-klux-klan.txt]
[www.ascii-art.de/ascii/jkl/kubrick.txt]
[www.ascii-art.de/ascii/jkl/kung_fu.txt]
[www.ascii-art.de/ascii/jkl/ladies_room.txt]
[www.ascii-art.de/ascii/jkl/lady.txt]
[www.ascii-art.de/ascii/jkl/ladybird.txt]
[www.ascii-art.de/ascii/jkl/lake.txt]
[www.ascii-art.de/ascii/jkl/lamb.txt]
[www.ascii-art.de/ascii/jkl/lamp.txt]
[www.ascii-art.de/ascii/jkl/lamprey.txt]
[www.ascii-art.de/ascii/jkl/lance.txt]
[www.ascii-art.de/ascii/jkl/landrover.txt]
[www.ascii-art.de/ascii/jkl/landscape.txt]
[www.ascii-art.de/ascii/jkl/lantern.txt]
[www.ascii-art.de/ascii/jkl/laptop.txt]
[www.ascii-art.de/ascii/jkl/lara_croft.txt]
[www.ascii-art.de/ascii/jkl/late_night.txt]
[www.ascii-art.de/ascii/jkl/latex.txt]
[www.ascii-art.de/ascii/jkl/lathe.txt]
[www.ascii-art.de/ascii/jkl/laughing.txt]
[www.ascii-art.de/ascii/jkl/laundry.txt]
[www.ascii-art.de/ascii/jkl/laurel.txt]
[www.ascii-art.de/ascii/jkl/laurel_hardy.txt]
[www.ascii-art.de/ascii/jkl/lava_lamp.txt]
[www.ascii-art.de/ascii/jkl/law.txt]
[www.ascii-art.de/ascii/jkl/lawnmower.txt]
[www.ascii-art.de/ascii/jkl/leaf.txt]
[www.ascii-art.de/ascii/jkl/leaper.txt]
[www.ascii-art.de/ascii/jkl/leaves.txt]
[www.ascii-art.de/ascii/jkl/led.txt]
[www.ascii-art.de/ascii/jkl/leek.txt]
[www.ascii-art.de/ascii/jkl/leg.txt]
[www.ascii-art.de/ascii/jkl/lego.txt]
[www.ascii-art.de/ascii/jkl/lemon.txt]
[www.ascii-art.de/ascii/jkl/lemon_sqeezer.txt]
[www.ascii-art.de/ascii/jkl/lemur.txt]
[www.ascii-art.de/ascii/jkl/lenin.txt]
[www.ascii-art.de/ascii/jkl/leopard.txt]
[www.ascii-art.de/ascii/jkl/leprechaun.txt]
[www.ascii-art.de/ascii/jkl/lesson.txt]
[www.ascii-art.de/ascii/jkl/letter.txt]
[www.ascii-art.de/ascii/jkl/lever.txt]
[www.ascii-art.de/ascii/jkl/liberty.txt]
[www.ascii-art.de/ascii/jkl/library.txt]
[www.ascii-art.de/ascii/jkl/lift.txt]
[www.ascii-art.de/ascii/jkl/lightbulb.txt]
[www.ascii-art.de/ascii/jkl/lighter.txt]
[www.ascii-art.de/ascii/jkl/lighthouse.txt]
[www.ascii-art.de/ascii/jkl/lightning.txt]
[www.ascii-art.de/ascii/jkl/lilies.txt]
[www.ascii-art.de/ascii/jkl/lily.txt]
[www.ascii-art.de/ascii/jkl/lines.txt]
[www.ascii-art.de/ascii/jkl/linux.txt]
[www.ascii-art.de/ascii/jkl/lion.txt]
[www.ascii-art.de/ascii/jkl/lips.txt]
[www.ascii-art.de/ascii/jkl/lipstick.txt]
[www.ascii-art.de/ascii/jkl/listen.txt]
[www.ascii-art.de/ascii/jkl/little_body.txt]
[www.ascii-art.de/ascii/jkl/little_dragon.txt]
[www.ascii-art.de/ascii/jkl/living_room.txt]
[www.ascii-art.de/ascii/jkl/lizard.txt]
[www.ascii-art.de/ascii/jkl/llama.txt]
[www.ascii-art.de/ascii/jkl/lobster.txt]
[www.ascii-art.de/ascii/jkl/lock.txt]
[www.ascii-art.de/ascii/jkl/lockheed.txt]
[www.ascii-art.de/ascii/jkl/logos.txt]
[www.ascii-art.de/ascii/jkl/look.txt]
[www.ascii-art.de/ascii/jkl/loon.txt]
[www.ascii-art.de/ascii/jkl/lord_ofthe_rings.txt]
[www.ascii-art.de/ascii/jkl/lorry.txt]
[www.ascii-art.de/ascii/jkl/lottery.txt]
[www.ascii-art.de/ascii/jkl/lotus.txt]
[www.ascii-art.de/ascii/jkl/lounge.txt]
[www.ascii-art.de/ascii/jkl/love.txt]
[www.ascii-art.de/ascii/jkl/lovestory.txt]
[www.ascii-art.de/ascii/jkl/lowliness.txt]
[www.ascii-art.de/ascii/jkl/lsd.txt]
[www.ascii-art.de/ascii/jkl/lucas_arts.txt]
[www.ascii-art.de/ascii/jkl/lucia.txt]
[www.ascii-art.de/ascii/jkl/luck.txt]
[www.ascii-art.de/ascii/jkl/lucky_luke.txt]
[www.ascii-art.de/ascii/jkl/luggage.txt]
[www.ascii-art.de/ascii/jkl/lunar_lander.txt]
[www.ascii-art.de/ascii/jkl/lunch.txt]
[www.ascii-art.de/ascii/jkl/lute.txt]
[www.ascii-art.de/ascii/jkl/lynx.txt]
[www.ascii-art.de/ascii/jkl/lyre.txt]
[www.ascii-art.de/ascii/index_jkl.html]
[www.ascii-art.de/ascii/mno/mace.txt]
[www.ascii-art.de/ascii/mno/machine_gun.txt]
[www.ascii-art.de/ascii/mno/macintosh.txt]
[www.ascii-art.de/ascii/mno/mad.txt]
[www.ascii-art.de/ascii/mno/madness.txt]
[www.ascii-art.de/ascii/mno/magazine_stand.txt]
[www.ascii-art.de/ascii/mno/magic_roundabout.txt]
[www.ascii-art.de/ascii/mno/magician.txt]
[www.ascii-art.de/ascii/mno/magnify.txt]
[www.ascii-art.de/ascii/mno/mail.txt]
[www.ascii-art.de/ascii/mno/mailbomb.txt]
[www.ascii-art.de/ascii/mno/mailbox.txt]
[www.ascii-art.de/ascii/mno/majorette.txt]
[www.ascii-art.de/ascii/mno/make_money.txt]
[www.ascii-art.de/ascii/mno/make_up.txt]
[www.ascii-art.de/ascii/mno/mallard.txt]
[www.ascii-art.de/ascii/mno/man.txt]
[www.ascii-art.de/ascii/mno/manatee.txt]
[www.ascii-art.de/ascii/mno/mancala.txt]
[www.ascii-art.de/ascii/mno/manger.txt]
[www.ascii-art.de/ascii/mno/mansion.txt]
[www.ascii-art.de/ascii/mno/maple.txt]
[www.ascii-art.de/ascii/mno/maps.txt]
[www.ascii-art.de/ascii/mno/march.txt]
[www.ascii-art.de/ascii/mno/margerite.txt]
[www.ascii-art.de/ascii/mno/maria.txt]
[www.ascii-art.de/ascii/mno/marimba.txt]
[www.ascii-art.de/ascii/mno/marionette.txt]
[www.ascii-art.de/ascii/mno/market.txt]
[www.ascii-art.de/ascii/mno/marley_bob.txt]
[www.ascii-art.de/ascii/mno/marlowe.txt]
[www.ascii-art.de/ascii/mno/marriage.txt]
[www.ascii-art.de/ascii/mno/marsupilami.txt]
[www.ascii-art.de/ascii/mno/martial_art.txt]
[www.ascii-art.de/ascii/mno/martians.txt]
[www.ascii-art.de/ascii/mno/martini.txt]
[www.ascii-art.de/ascii/mno/marvin.txt]
[www.ascii-art.de/ascii/mno/marx_bros.txt]
[www.ascii-art.de/ascii/mno/mary.txt]
[www.ascii-art.de/ascii/mno/mary_poppins.txt]
[www.ascii-art.de/ascii/mno/mask.txt]
[www.ascii-art.de/ascii/mno/masquarade.txt]
[www.ascii-art.de/ascii/mno/massage.txt]
[www.ascii-art.de/ascii/mno/matches.txt]
[www.ascii-art.de/ascii/mno/matchstick.txt]
[www.ascii-art.de/ascii/mno/math.txt]
[www.ascii-art.de/ascii/mno/maturity.txt]
[www.ascii-art.de/ascii/mno/max+moritz.txt]
[www.ascii-art.de/ascii/mno/may_pole.txt]
[www.ascii-art.de/ascii/mno/maya.txt]
[www.ascii-art.de/ascii/mno/maze.txt]
[www.ascii-art.de/ascii/mno/mckinley.txt]
[www.ascii-art.de/ascii/mno/mcmug.txt]
[www.ascii-art.de/ascii/mno/meander.txt]
[www.ascii-art.de/ascii/mno/meatball.txt]
[www.ascii-art.de/ascii/mno/medal.txt]
[www.ascii-art.de/ascii/mno/medusa.txt]
[www.ascii-art.de/ascii/mno/meerkat.txt]
[www.ascii-art.de/ascii/mno/megacerops.txt]
[www.ascii-art.de/ascii/mno/megillah.txt]
[www.ascii-art.de/ascii/mno/men.txt]
[www.ascii-art.de/ascii/mno/menorah.txt]
[www.ascii-art.de/ascii/mno/mensa.txt]
[www.ascii-art.de/ascii/mno/menu.txt]
[www.ascii-art.de/ascii/mno/mercedes.txt]
[www.ascii-art.de/ascii/mno/merchandise.txt]
[www.ascii-art.de/ascii/mno/mercury.txt]
[www.ascii-art.de/ascii/mno/mermaid.txt]
[www.ascii-art.de/ascii/mno/message_in_bottle.txt]
[www.ascii-art.de/ascii/mno/metal.txt]
[www.ascii-art.de/ascii/mno/metallica.txt]
[www.ascii-art.de/ascii/mno/methane.txt]
[www.ascii-art.de/ascii/mno/metro.txt]
[www.ascii-art.de/ascii/mno/mexico.txt]
[www.ascii-art.de/ascii/mno/michelangelo.txt]
[www.ascii-art.de/ascii/mno/michelin.txt]
[www.ascii-art.de/ascii/mno/mickey.txt]
[www.ascii-art.de/ascii/mno/microphone.txt]
[www.ascii-art.de/ascii/mno/microscope.txt]
[www.ascii-art.de/ascii/mno/microsoft.txt]
[www.ascii-art.de/ascii/mno/microwave.txt]
[www.ascii-art.de/ascii/mno/milk.txt]
[www.ascii-art.de/ascii/mno/mime.txt]
[www.ascii-art.de/ascii/mno/miner.txt]
[www.ascii-art.de/ascii/mno/mink.txt]
[www.ascii-art.de/ascii/mno/minotaurus.txt]
[www.ascii-art.de/ascii/mno/mints.txt]
[www.ascii-art.de/ascii/mno/mir.txt]
[www.ascii-art.de/ascii/mno/mirror.txt]
[www.ascii-art.de/ascii/mno/misc.txt]
[www.ascii-art.de/ascii/mno/mittens.txt]
[www.ascii-art.de/ascii/mno/mixer.txt]
[www.ascii-art.de/ascii/mno/moa.txt]
[www.ascii-art.de/ascii/mno/mobile.txt]
[www.ascii-art.de/ascii/mno/model.txt]
[www.ascii-art.de/ascii/mno/moebius.txt]
[www.ascii-art.de/ascii/mno/mole.txt]
[www.ascii-art.de/ascii/mno/molecule.txt]
[www.ascii-art.de/ascii/mno/monalisa.txt]
[www.ascii-art.de/ascii/mno/mondrian.txt]
[www.ascii-art.de/ascii/mno/money.txt]
[www.ascii-art.de/ascii/mno/mongoose.txt]
[www.ascii-art.de/ascii/mno/monk.txt]
[www.ascii-art.de/ascii/mno/monkey.txt]
[www.ascii-art.de/ascii/mno/monorail.txt]
[www.ascii-art.de/ascii/mno/monospaced.txt]
[www.ascii-art.de/ascii/mno/monster.txt]
[www.ascii-art.de/ascii/mno/monty_python.txt]
[www.ascii-art.de/ascii/mno/moo.txt]
[www.ascii-art.de/ascii/mno/moon.txt]
[www.ascii-art.de/ascii/mno/mooning.txt]
[www.ascii-art.de/ascii/mno/moose.txt]
[www.ascii-art.de/ascii/mno/moritz.txt]
[www.ascii-art.de/ascii/mno/mornings.txt]
[www.ascii-art.de/ascii/mno/mortar.txt]
[www.ascii-art.de/ascii/mno/mosqitos.txt]
[www.ascii-art.de/ascii/mno/mosque.txt]
[www.ascii-art.de/ascii/mno/moth.txt]
[www.ascii-art.de/ascii/mno/mother.txt]
[www.ascii-art.de/ascii/mno/motor_companies.txt]
[www.ascii-art.de/ascii/mno/motorcycles.txt]
[www.ascii-art.de/ascii/mno/mount_rushmore.txt]
[www.ascii-art.de/ascii/mno/mountain.txt]
[www.ascii-art.de/ascii/mno/mouse.txt]
[www.ascii-art.de/ascii/mno/mouth.txt]
[www.ascii-art.de/ascii/mno/movies.txt]
[www.ascii-art.de/ascii/mno/moving.txt]
[www.ascii-art.de/ascii/mno/mozilla.txt]
[www.ascii-art.de/ascii/mno/mtv.txt]
[www.ascii-art.de/ascii/mno/mud.txt]
[www.ascii-art.de/ascii/mno/mudskipper.txt]
[www.ascii-art.de/ascii/mno/muenchhausen.txt]
[www.ascii-art.de/ascii/mno/mug.txt]
[www.ascii-art.de/ascii/mno/mummy.txt]
[www.ascii-art.de/ascii/mno/muppets.txt]
[www.ascii-art.de/ascii/mno/muse.txt]
[www.ascii-art.de/ascii/mno/mushroom.txt]
[www.ascii-art.de/ascii/mno/music.txt]
[www.ascii-art.de/ascii/mno/music_stand.txt]
[www.ascii-art.de/ascii/mno/musicians.txt]
[www.ascii-art.de/ascii/mno/musketeer.txt]
[www.ascii-art.de/ascii/mno/mustang.txt]
[www.ascii-art.de/ascii/mno/mutant.txt]
[www.ascii-art.de/ascii/mno/myth.txt]
[www.ascii-art.de/ascii/mno/nail.txt]
[www.ascii-art.de/ascii/mno/naked.txt]
[www.ascii-art.de/ascii/mno/name.txt]
[www.ascii-art.de/ascii/mno/nano_art.txt]
[www.ascii-art.de/ascii/mno/napoleon.txt]
[www.ascii-art.de/ascii/mno/napster.txt]
[www.ascii-art.de/ascii/mno/narcissus.txt]
[www.ascii-art.de/ascii/mno/nasa.txt]
[www.ascii-art.de/ascii/mno/nba.txt]
[www.ascii-art.de/ascii/mno/nbc.txt]
[www.ascii-art.de/ascii/mno/necklace.txt]
[www.ascii-art.de/ascii/mno/needle.txt]
[www.ascii-art.de/ascii/mno/nefretiti.txt]
[www.ascii-art.de/ascii/mno/negligee.txt]
[www.ascii-art.de/ascii/mno/neighbours.txt]
[www.ascii-art.de/ascii/mno/neptune.txt]
[www.ascii-art.de/ascii/mno/nerd.txt]
[www.ascii-art.de/ascii/mno/nessie.txt]
[www.ascii-art.de/ascii/mno/netscape.txt]
[www.ascii-art.de/ascii/mno/new_year.txt]
[www.ascii-art.de/ascii/mno/new_york.txt]
[www.ascii-art.de/ascii/mno/new_zealand.txt]
[www.ascii-art.de/ascii/mno/news.txt]
[www.ascii-art.de/ascii/mno/newspaper.txt]
[www.ascii-art.de/ascii/mno/newton.txt]
[www.ascii-art.de/ascii/mno/nightclub.txt]
[www.ascii-art.de/ascii/mno/ninja.txt]
[www.ascii-art.de/ascii/mno/nintendo64.txt]
[www.ascii-art.de/ascii/mno/nirvana.txt]
[www.ascii-art.de/ascii/mno/no.txt]
[www.ascii-art.de/ascii/mno/no_smoking.txt]
[www.ascii-art.de/ascii/mno/noose.txt]
[www.ascii-art.de/ascii/mno/nopanic.txt]
[www.ascii-art.de/ascii/mno/norman.txt]
[www.ascii-art.de/ascii/mno/northern_light.txt]
[www.ascii-art.de/ascii/mno/norway.txt]
[www.ascii-art.de/ascii/mno/nosegrab.txt]
[www.ascii-art.de/ascii/mno/notes.txt]
[www.ascii-art.de/ascii/mno/notre_dame.txt]
[www.ascii-art.de/ascii/mno/nuclear_bomb.txt]
[www.ascii-art.de/ascii/mno/nuclear_war.txt]
[www.ascii-art.de/ascii/mno/nude_men.txt]
[www.ascii-art.de/ascii/mno/nude_women.txt]
[www.ascii-art.de/ascii/mno/nuke.txt]
[www.ascii-art.de/ascii/mno/numbers.txt]
[www.ascii-art.de/ascii/mno/nun.txt]
[www.ascii-art.de/ascii/mno/nunchako.txt]
[www.ascii-art.de/ascii/mno/nurse.txt]
[www.ascii-art.de/ascii/mno/nursery.txt]
[www.ascii-art.de/ascii/mno/nutcracker.txt]
[www.ascii-art.de/ascii/mno/nymph.txt]
[www.ascii-art.de/ascii/mno/obelix.txt]
[www.ascii-art.de/ascii/mno/objects.txt]
[www.ascii-art.de/ascii/mno/oboe.txt]
[www.ascii-art.de/ascii/mno/observatory.txt]
[www.ascii-art.de/ascii/mno/octopus.txt]
[www.ascii-art.de/ascii/mno/odie.txt]
[www.ascii-art.de/ascii/mno/off-road.txt]
[www.ascii-art.de/ascii/mno/office.txt]
[www.ascii-art.de/ascii/mno/ogre.txt]
[www.ascii-art.de/ascii/mno/oil.txt]
[www.ascii-art.de/ascii/mno/oilrig.txt]
[www.ascii-art.de/ascii/mno/ok.txt]
[www.ascii-art.de/ascii/mno/okapi.txt]
[www.ascii-art.de/ascii/mno/oktoberfest.txt]
[www.ascii-art.de/ascii/mno/oldtimer.txt]
[www.ascii-art.de/ascii/mno/olive_oyl.txt]
[www.ascii-art.de/ascii/mno/olympics.txt]
[www.ascii-art.de/ascii/mno/om.txt]
[www.ascii-art.de/ascii/mno/omega.txt]
[www.ascii-art.de/ascii/mno/one_line.txt]
[www.ascii-art.de/ascii/mno/onion.txt]
[www.ascii-art.de/ascii/mno/opel.txt]
[www.ascii-art.de/ascii/mno/opera.txt]
[www.ascii-art.de/ascii/mno/oracle.txt]
[www.ascii-art.de/ascii/mno/orangutan.txt]
[www.ascii-art.de/ascii/mno/orc.txt]
[www.ascii-art.de/ascii/mno/orca.txt]
[www.ascii-art.de/ascii/mno/orchestra.txt]
[www.ascii-art.de/ascii/mno/orchid.txt]
[www.ascii-art.de/ascii/mno/organ.txt]
[www.ascii-art.de/ascii/mno/origami.txt]
[www.ascii-art.de/ascii/mno/ornament.txt]
[www.ascii-art.de/ascii/mno/ostrich.txt]
[www.ascii-art.de/ascii/mno/otter.txt]
[www.ascii-art.de/ascii/mno/ottifant.txt]
[www.ascii-art.de/ascii/mno/oven.txt]
[www.ascii-art.de/ascii/mno/overall.txt]
[www.ascii-art.de/ascii/mno/owl.txt]
[www.ascii-art.de/ascii/mno/oyster.txt]
[www.ascii-art.de/ascii/index_mno.html]
[www.ascii-art.de/ascii/pqr/pacifier.txt]
[www.ascii-art.de/ascii/pqr/pacman.txt]
[www.ascii-art.de/ascii/pqr/paddington.txt]
[www.ascii-art.de/ascii/pqr/paddle.txt]
[www.ascii-art.de/ascii/pqr/pagoda.txt]
[www.ascii-art.de/ascii/pqr/paint.txt]
[www.ascii-art.de/ascii/pqr/paintbrush.txt]
[www.ascii-art.de/ascii/pqr/painter.txt]
[www.ascii-art.de/ascii/pqr/paintress.txt]
[www.ascii-art.de/ascii/pqr/palace.txt]
[www.ascii-art.de/ascii/pqr/palette.txt]
[www.ascii-art.de/ascii/pqr/palm.txt]
[www.ascii-art.de/ascii/pqr/palmtree.txt]
[www.ascii-art.de/ascii/pqr/pamela.txt]
[www.ascii-art.de/ascii/pqr/pan.txt]
[www.ascii-art.de/ascii/pqr/panda.txt]
[www.ascii-art.de/ascii/pqr/pansies.txt]
[www.ascii-art.de/ascii/pqr/panther.txt]
[www.ascii-art.de/ascii/pqr/pants.txt]
[www.ascii-art.de/ascii/pqr/paper.txt]
[www.ascii-art.de/ascii/pqr/parabola.txt]
[www.ascii-art.de/ascii/pqr/parachute.txt]
[www.ascii-art.de/ascii/pqr/parade.txt]
[www.ascii-art.de/ascii/pqr/paradise.txt]
[www.ascii-art.de/ascii/pqr/parakeet.txt]
[www.ascii-art.de/ascii/pqr/parcel.txt]
[www.ascii-art.de/ascii/pqr/paris.txt]
[www.ascii-art.de/ascii/pqr/park.txt]
[www.ascii-art.de/ascii/pqr/parking.txt]
[www.ascii-art.de/ascii/pqr/parrot.txt]
[www.ascii-art.de/ascii/pqr/parthenon.txt]
[www.ascii-art.de/ascii/pqr/party.txt]
[www.ascii-art.de/ascii/pqr/passion.txt]
[www.ascii-art.de/ascii/pqr/pasta.txt]
[www.ascii-art.de/ascii/pqr/pattern.txt]
[www.ascii-art.de/ascii/pqr/paw-prints.txt]
[www.ascii-art.de/ascii/pqr/payphone.txt]
[www.ascii-art.de/ascii/pqr/pc.txt]
[www.ascii-art.de/ascii/pqr/peace.txt]
[www.ascii-art.de/ascii/pqr/peacepipe.txt]
[www.ascii-art.de/ascii/pqr/peacock.txt]
[www.ascii-art.de/ascii/pqr/peanuts.txt]
[www.ascii-art.de/ascii/pqr/pear.txt]
[www.ascii-art.de/ascii/pqr/pearl.txt]
[www.ascii-art.de/ascii/pqr/pee.txt]
[www.ascii-art.de/ascii/pqr/peek.txt]
[www.ascii-art.de/ascii/pqr/pegasus.txt]
[www.ascii-art.de/ascii/pqr/pelican.txt]
[www.ascii-art.de/ascii/pqr/pen.txt]
[www.ascii-art.de/ascii/pqr/pencil.txt]
[www.ascii-art.de/ascii/pqr/penguins.txt]
[www.ascii-art.de/ascii/pqr/penis.txt]
[www.ascii-art.de/ascii/pqr/pentagon.txt]
[www.ascii-art.de/ascii/pqr/pentagram.txt]
[www.ascii-art.de/ascii/pqr/people.txt]
[www.ascii-art.de/ascii/pqr/pepper.txt]
[www.ascii-art.de/ascii/pqr/pepsi.txt]
[www.ascii-art.de/ascii/pqr/peripatus.txt]
[www.ascii-art.de/ascii/pqr/periscope.txt]
[www.ascii-art.de/ascii/pqr/perl.txt]
[www.ascii-art.de/ascii/pqr/perry_rhodan.txt]
[www.ascii-art.de/ascii/pqr/person.txt]
[www.ascii-art.de/ascii/pqr/perspective.txt]
[www.ascii-art.de/ascii/pqr/peru.txt]
[www.ascii-art.de/ascii/pqr/pet_shop.txt]
[www.ascii-art.de/ascii/pqr/peter_pan.txt]
[www.ascii-art.de/ascii/pqr/petit_prince.txt]
[www.ascii-art.de/ascii/pqr/petshopboys.txt]
[www.ascii-art.de/ascii/pqr/pez.txt]
[www.ascii-art.de/ascii/pqr/pfennig.txt]
[www.ascii-art.de/ascii/pqr/phantom.txt]
[www.ascii-art.de/ascii/pqr/pharaoh.txt]
[www.ascii-art.de/ascii/pqr/phlippines.txt]
[www.ascii-art.de/ascii/pqr/phoenix.txt]
[www.ascii-art.de/ascii/pqr/phone.txt]
[www.ascii-art.de/ascii/pqr/phone_booth.txt]
[www.ascii-art.de/ascii/pqr/photo.txt]
[www.ascii-art.de/ascii/pqr/photographer.txt]
[www.ascii-art.de/ascii/pqr/pi.txt]
[www.ascii-art.de/ascii/pqr/piano.txt]
[www.ascii-art.de/ascii/pqr/picasso.txt]
[www.ascii-art.de/ascii/pqr/piccolo.txt]
[www.ascii-art.de/ascii/pqr/pie.txt]
[www.ascii-art.de/ascii/pqr/pig.txt]
[www.ascii-art.de/ascii/pqr/pigeon.txt]
[www.ascii-art.de/ascii/pqr/piggy-back.txt]
[www.ascii-art.de/ascii/pqr/piggybank.txt]
[www.ascii-art.de/ascii/pqr/piglet.txt]
[www.ascii-art.de/ascii/pqr/pigtail.txt]
[www.ascii-art.de/ascii/pqr/pika.txt]
[www.ascii-art.de/ascii/pqr/pike.txt]
[www.ascii-art.de/ascii/pqr/pile.txt]
[www.ascii-art.de/ascii/pqr/pilgrims.txt]
[www.ascii-art.de/ascii/pqr/pill.txt]
[www.ascii-art.de/ascii/pqr/pillow.txt]
[www.ascii-art.de/ascii/pqr/pinball.txt]
[www.ascii-art.de/ascii/pqr/ping_pong.txt]
[www.ascii-art.de/ascii/pqr/pink_panther.txt]
[www.ascii-art.de/ascii/pqr/pinkfloyd.txt]
[www.ascii-art.de/ascii/pqr/pinky+brain.txt]
[www.ascii-art.de/ascii/pqr/pinocchio.txt]
[www.ascii-art.de/ascii/pqr/pint.txt]
[www.ascii-art.de/ascii/pqr/pinwheel.txt]
[www.ascii-art.de/ascii/pqr/pipe.txt]
[www.ascii-art.de/ascii/pqr/piper.txt]
[www.ascii-art.de/ascii/pqr/pippi.txt]
[www.ascii-art.de/ascii/pqr/piranha.txt]
[www.ascii-art.de/ascii/pqr/pirate.txt]
[www.ascii-art.de/ascii/pqr/pisa.txt]
[www.ascii-art.de/ascii/pqr/pistol.txt]
[www.ascii-art.de/ascii/pqr/pixie.txt]
[www.ascii-art.de/ascii/pqr/pizza.txt]
[www.ascii-art.de/ascii/pqr/pizza_cats.txt]
[www.ascii-art.de/ascii/pqr/plane.txt]
[www.ascii-art.de/ascii/pqr/planets.txt]
[www.ascii-art.de/ascii/pqr/plasma.txt]
[www.ascii-art.de/ascii/pqr/platypus.txt]
[www.ascii-art.de/ascii/pqr/playboy.txt]
[www.ascii-art.de/ascii/pqr/playstation.txt]
[www.ascii-art.de/ascii/pqr/plesiosaurus.txt]
[www.ascii-art.de/ascii/pqr/plonk.txt]
[www.ascii-art.de/ascii/pqr/plug.txt]
[www.ascii-art.de/ascii/pqr/plutonium.txt]
[www.ascii-art.de/ascii/pqr/plymouth.txt]
[www.ascii-art.de/ascii/pqr/pocket_watch.txt]
[www.ascii-art.de/ascii/pqr/poem.txt]
[www.ascii-art.de/ascii/pqr/poet.txt]
[www.ascii-art.de/ascii/pqr/pogo.txt]
[www.ascii-art.de/ascii/pqr/pointer.txt]
[www.ascii-art.de/ascii/pqr/pokemon.txt]
[www.ascii-art.de/ascii/pqr/poland.txt]
[www.ascii-art.de/ascii/pqr/polar.txt]
[www.ascii-art.de/ascii/pqr/police.txt]
[www.ascii-art.de/ascii/pqr/polo.txt]
[www.ascii-art.de/ascii/pqr/pontiac.txt]
[www.ascii-art.de/ascii/pqr/poodle.txt]
[www.ascii-art.de/ascii/pqr/pooh.txt]
[www.ascii-art.de/ascii/pqr/pool.txt]
[www.ascii-art.de/ascii/pqr/poop.txt]
[www.ascii-art.de/ascii/pqr/pop.txt]
[www.ascii-art.de/ascii/pqr/popeye.txt]
[www.ascii-art.de/ascii/pqr/portal.txt]
[www.ascii-art.de/ascii/pqr/portrait.txt]
[www.ascii-art.de/ascii/pqr/portugal.txt]
[www.ascii-art.de/ascii/pqr/pose.txt]
[www.ascii-art.de/ascii/pqr/poseidon.txt]
[www.ascii-art.de/ascii/pqr/possum.txt]
[www.ascii-art.de/ascii/pqr/post.txt]
[www.ascii-art.de/ascii/pqr/postcard.txt]
[www.ascii-art.de/ascii/pqr/pot.txt]
[www.ascii-art.de/ascii/pqr/pots.txt]
[www.ascii-art.de/ascii/pqr/power_plant.txt]
[www.ascii-art.de/ascii/pqr/pram.txt]
[www.ascii-art.de/ascii/pqr/prayer.txt]
[www.ascii-art.de/ascii/pqr/praying_mantis.txt]
[www.ascii-art.de/ascii/pqr/pregnant.txt]
[www.ascii-art.de/ascii/pqr/present.txt]
[www.ascii-art.de/ascii/pqr/press_key.txt]
[www.ascii-art.de/ascii/pqr/pretzel.txt]
[www.ascii-art.de/ascii/pqr/priest.txt]
[www.ascii-art.de/ascii/pqr/primitive.txt]
[www.ascii-art.de/ascii/pqr/prince.txt]
[www.ascii-art.de/ascii/pqr/princess.txt]
[www.ascii-art.de/ascii/pqr/pringles.txt]
[www.ascii-art.de/ascii/pqr/printer.txt]
[www.ascii-art.de/ascii/pqr/prison.txt]
[www.ascii-art.de/ascii/pqr/privacy.txt]
[www.ascii-art.de/ascii/pqr/prize.txt]
[www.ascii-art.de/ascii/pqr/profile.txt]
[www.ascii-art.de/ascii/pqr/proposal.txt]
[www.ascii-art.de/ascii/pqr/proverb.txt]
[www.ascii-art.de/ascii/pqr/psm.txt]
[www.ascii-art.de/ascii/pqr/psychiatrist.txt]
[www.ascii-art.de/ascii/pqr/pteranodon.txt]
[www.ascii-art.de/ascii/pqr/puke.txt]
[www.ascii-art.de/ascii/pqr/pull.txt]
[www.ascii-art.de/ascii/pqr/pulp.txt]
[www.ascii-art.de/ascii/pqr/pump.txt]
[www.ascii-art.de/ascii/pqr/pumpkin.txt]
[www.ascii-art.de/ascii/pqr/punch.txt]
[www.ascii-art.de/ascii/pqr/punk.txt]
[www.ascii-art.de/ascii/pqr/puppet.txt]
[www.ascii-art.de/ascii/pqr/puppy.txt]
[www.ascii-art.de/ascii/pqr/puzzle.txt]
[www.ascii-art.de/ascii/pqr/pyjamas.txt]
[www.ascii-art.de/ascii/pqr/pyramid.txt]
[www.ascii-art.de/ascii/pqr/quake.txt]
[www.ascii-art.de/ascii/pqr/quarter.txt]
[www.ascii-art.de/ascii/pqr/quasimodo.txt]
[www.ascii-art.de/ascii/pqr/queen.txt]
[www.ascii-art.de/ascii/pqr/question.txt]
[www.ascii-art.de/ascii/pqr/questionmark.txt]
[www.ascii-art.de/ascii/pqr/queue.txt]
[www.ascii-art.de/ascii/pqr/quiet.txt]
[www.ascii-art.de/ascii/pqr/quill.txt]
[www.ascii-art.de/ascii/pqr/quiz.txt]
[www.ascii-art.de/ascii/pqr/quotes.txt]
[www.ascii-art.de/ascii/pqr/rabbi.txt]
[www.ascii-art.de/ascii/pqr/rabbit.txt]
[www.ascii-art.de/ascii/pqr/racoon.txt]
[www.ascii-art.de/ascii/pqr/radar.txt]
[www.ascii-art.de/ascii/pqr/radiation.txt]
[www.ascii-art.de/ascii/pqr/radio.txt]
[www.ascii-art.de/ascii/pqr/radiotelescope.txt]
[www.ascii-art.de/ascii/pqr/rain.txt]
[www.ascii-art.de/ascii/pqr/rainbow.txt]
[www.ascii-art.de/ascii/pqr/ralf.txt]
[www.ascii-art.de/ascii/pqr/ram.txt]
[www.ascii-art.de/ascii/pqr/rapunzel.txt]
[www.ascii-art.de/ascii/pqr/raskolnikow.txt]
[www.ascii-art.de/ascii/pqr/rat.txt]
[www.ascii-art.de/ascii/pqr/rattle.txt]
[www.ascii-art.de/ascii/pqr/rattlesnake.txt]
[www.ascii-art.de/ascii/pqr/raven.txt]
[www.ascii-art.de/ascii/pqr/ray_gun.txt]
[www.ascii-art.de/ascii/pqr/raytracer.txt]
[www.ascii-art.de/ascii/pqr/razor.txt]
[www.ascii-art.de/ascii/pqr/reading.txt]
[www.ascii-art.de/ascii/pqr/reaper.txt]
[www.ascii-art.de/ascii/pqr/rebirth.txt]
[www.ascii-art.de/ascii/pqr/receipt.txt]
[www.ascii-art.de/ascii/pqr/recordplayer.txt]
[www.ascii-art.de/ascii/pqr/records.txt]
[www.ascii-art.de/ascii/pqr/recycle.txt]
[www.ascii-art.de/ascii/pqr/red_baron.txt]
[www.ascii-art.de/ascii/pqr/red_bull.txt]
[www.ascii-art.de/ascii/pqr/red_dwarf.txt]
[www.ascii-art.de/ascii/pqr/redhat.txt]
[www.ascii-art.de/ascii/pqr/redwings.txt]
[www.ascii-art.de/ascii/pqr/reflection.txt]
[www.ascii-art.de/ascii/pqr/refrigerator.txt]
[www.ascii-art.de/ascii/pqr/reindeer.txt]
[www.ascii-art.de/ascii/pqr/relax.txt]
[www.ascii-art.de/ascii/pqr/religious.txt]
[www.ascii-art.de/ascii/pqr/rescue.txt]
[www.ascii-art.de/ascii/pqr/research.txt]
[www.ascii-art.de/ascii/pqr/resort.txt]
[www.ascii-art.de/ascii/pqr/restroom.txt]
[www.ascii-art.de/ascii/pqr/revolver.txt]
[www.ascii-art.de/ascii/pqr/rhino.txt]
[www.ascii-art.de/ascii/pqr/ribbon.txt]
[www.ascii-art.de/ascii/pqr/rifle.txt]
[www.ascii-art.de/ascii/pqr/rikscha.txt]
[www.ascii-art.de/ascii/pqr/ring.txt]
[www.ascii-art.de/ascii/pqr/rip.txt]
[www.ascii-art.de/ascii/pqr/roadrunner.txt]
[www.ascii-art.de/ascii/pqr/roadworks.txt]
[www.ascii-art.de/ascii/pqr/robbery.txt]
[www.ascii-art.de/ascii/pqr/robby.txt]
[www.ascii-art.de/ascii/pqr/robin.txt]
[www.ascii-art.de/ascii/pqr/robot.txt]
[www.ascii-art.de/ascii/pqr/rock.txt]
[www.ascii-art.de/ascii/pqr/rockets.txt]
[www.ascii-art.de/ascii/pqr/rocking_chair.txt]
[www.ascii-art.de/ascii/pqr/rocking_horse.txt]
[www.ascii-art.de/ascii/pqr/rocky_horror_show.txt]
[www.ascii-art.de/ascii/pqr/rodeo.txt]
[www.ascii-art.de/ascii/pqr/roller_coaster.txt]
[www.ascii-art.de/ascii/pqr/roller_skates.txt]
[www.ascii-art.de/ascii/pqr/rolling_pin.txt]
[www.ascii-art.de/ascii/pqr/roman.txt]
[www.ascii-art.de/ascii/pqr/romance.txt]
[www.ascii-art.de/ascii/pqr/romeo+juliet.txt]
[www.ascii-art.de/ascii/pqr/room.txt]
[www.ascii-art.de/ascii/pqr/rooster.txt]
[www.ascii-art.de/ascii/pqr/rope.txt]
[www.ascii-art.de/ascii/pqr/rosary.txt]
[www.ascii-art.de/ascii/pqr/rose.txt]
[www.ascii-art.de/ascii/pqr/rotflmao.txt]
[www.ascii-art.de/ascii/pqr/roundabout.txt]
[www.ascii-art.de/ascii/pqr/rowdy.txt]
[www.ascii-art.de/ascii/pqr/rowing.txt]
[www.ascii-art.de/ascii/pqr/rubber_duck.txt]
[www.ascii-art.de/ascii/pqr/rubbish_bin.txt]
[www.ascii-art.de/ascii/pqr/rubik.txt]
[www.ascii-art.de/ascii/pqr/rugby.txt]
[www.ascii-art.de/ascii/pqr/ruins.txt]
[www.ascii-art.de/ascii/pqr/ruler.txt]
[www.ascii-art.de/ascii/pqr/runes.txt]
[www.ascii-art.de/ascii/pqr/running.txt]
[www.ascii-art.de/ascii/pqr/russian.txt]
[www.ascii-art.de/ascii/index_pqr.html]
[www.ascii-art.de/ascii/s/saab.txt]
[www.ascii-art.de/ascii/s/sabre.txt]
[www.ascii-art.de/ascii/s/sack.txt]
[www.ascii-art.de/ascii/s/sacre-couer.txt]
[www.ascii-art.de/ascii/s/sadness.txt]
[www.ascii-art.de/ascii/s/safe.txt]
[www.ascii-art.de/ascii/s/safety_pin.txt]
[www.ascii-art.de/ascii/s/sail.txt]
[www.ascii-art.de/ascii/s/sailboat.txt]
[www.ascii-art.de/ascii/s/sailor.txt]
[www.ascii-art.de/ascii/s/sailor_moon.txt]
[www.ascii-art.de/ascii/s/sailplane.txt]
[www.ascii-art.de/ascii/s/saint.txt]
[www.ascii-art.de/ascii/s/salmon.txt]
[www.ascii-art.de/ascii/s/salome.txt]
[www.ascii-art.de/ascii/s/saloon.txt]
[www.ascii-art.de/ascii/s/salt+pepper.txt]
[www.ascii-art.de/ascii/s/samoa.txt]
[www.ascii-art.de/ascii/s/samurai.txt]
[www.ascii-art.de/ascii/s/san_francisco.txt]
[www.ascii-art.de/ascii/s/sandbox.txt]
[www.ascii-art.de/ascii/s/sandcastle.txt]
[www.ascii-art.de/ascii/s/sandwich.txt]
[www.ascii-art.de/ascii/s/santa.txt]
[www.ascii-art.de/ascii/s/satan.txt]
[www.ascii-art.de/ascii/s/satellites.txt]
[www.ascii-art.de/ascii/s/saturn.txt]
[www.ascii-art.de/ascii/s/sausage.txt]
[www.ascii-art.de/ascii/s/saw.txt]
[www.ascii-art.de/ascii/s/sax.txt]
[www.ascii-art.de/ascii/s/saying.txt]
[www.ascii-art.de/ascii/s/scales.txt]
[www.ascii-art.de/ascii/s/scandinavia.txt]
[www.ascii-art.de/ascii/s/scarabaeus.txt]
[www.ascii-art.de/ascii/s/scarecrow.txt]
[www.ascii-art.de/ascii/s/scarf.txt]
[www.ascii-art.de/ascii/s/scater.txt]
[www.ascii-art.de/ascii/s/school.txt]
[www.ascii-art.de/ascii/s/scientology.txt]
[www.ascii-art.de/ascii/s/scifi.txt]
[www.ascii-art.de/ascii/s/scissors.txt]
[www.ascii-art.de/ascii/s/scooby-doo.txt]
[www.ascii-art.de/ascii/s/scooter.txt]
[www.ascii-art.de/ascii/s/scorpion.txt]
[www.ascii-art.de/ascii/s/scotch.txt]
[www.ascii-art.de/ascii/s/scotland.txt]
[www.ascii-art.de/ascii/s/scotty.txt]
[www.ascii-art.de/ascii/s/scrabble.txt]
[www.ascii-art.de/ascii/s/scratch.txt]
[www.ascii-art.de/ascii/s/scratching_post.txt]
[www.ascii-art.de/ascii/s/scream.txt]
[www.ascii-art.de/ascii/s/screw.txt]
[www.ascii-art.de/ascii/s/screwdriver.txt]
[www.ascii-art.de/ascii/s/scroll.txt]
[www.ascii-art.de/ascii/s/scuba.txt]
[www.ascii-art.de/ascii/s/scythe.txt]
[www.ascii-art.de/ascii/s/seagull.txt]
[www.ascii-art.de/ascii/s/seahorse.txt]
[www.ascii-art.de/ascii/s/seal.txt]
[www.ascii-art.de/ascii/s/seaplane.txt]
[www.ascii-art.de/ascii/s/seascape.txt]
[www.ascii-art.de/ascii/s/seashell.txt]
[www.ascii-art.de/ascii/s/seatle.txt]
[www.ascii-art.de/ascii/s/see_you.txt]
[www.ascii-art.de/ascii/s/self_portrait.txt]
[www.ascii-art.de/ascii/s/sendung_mit_der_maus.txt]
[www.ascii-art.de/ascii/s/sermon.txt]
[www.ascii-art.de/ascii/s/servant.txt]
[www.ascii-art.de/ascii/s/service.txt]
[www.ascii-art.de/ascii/s/sesamestreet.txt]
[www.ascii-art.de/ascii/s/settee.txt]
[www.ascii-art.de/ascii/s/seven.txt]
[www.ascii-art.de/ascii/s/sewing.txt]
[www.ascii-art.de/ascii/s/sex.txt]
[www.ascii-art.de/ascii/s/shadow.txt]
[www.ascii-art.de/ascii/s/shamrock.txt]
[www.ascii-art.de/ascii/s/shamus.txt]
[www.ascii-art.de/ascii/s/sharks.txt]
[www.ascii-art.de/ascii/s/sheep.txt]
[www.ascii-art.de/ascii/s/shell.txt]
[www.ascii-art.de/ascii/s/shepherd.txt]
[www.ascii-art.de/ascii/s/sheriff.txt]
[www.ascii-art.de/ascii/s/sherlock_holmes.txt]
[www.ascii-art.de/ascii/s/shield.txt]
[www.ascii-art.de/ascii/s/ships.txt]
[www.ascii-art.de/ascii/s/shirt.txt]
[www.ascii-art.de/ascii/s/shit.txt]
[www.ascii-art.de/ascii/s/shiva.txt]
[www.ascii-art.de/ascii/s/shoes.txt]
[www.ascii-art.de/ascii/s/shoeshine.txt]
[www.ascii-art.de/ascii/s/shoot.txt]
[www.ascii-art.de/ascii/s/shopping.txt]
[www.ascii-art.de/ascii/s/shortcut.txt]
[www.ascii-art.de/ascii/s/shotgun.txt]
[www.ascii-art.de/ascii/s/shovel.txt]
[www.ascii-art.de/ascii/s/shower.txt]
[www.ascii-art.de/ascii/s/shrubbery.txt]
[www.ascii-art.de/ascii/s/shuriken.txt]
[www.ascii-art.de/ascii/s/shutdown.txt]
[www.ascii-art.de/ascii/s/shuttle.txt]
[www.ascii-art.de/ascii/s/sick.txt]
[www.ascii-art.de/ascii/s/sickle+hammer.txt]
[www.ascii-art.de/ascii/s/sideways.txt]
[www.ascii-art.de/ascii/s/siege.txt]
[www.ascii-art.de/ascii/s/siesta.txt]
[www.ascii-art.de/ascii/s/sign.txt]
[www.ascii-art.de/ascii/s/sign_post.txt]
[www.ascii-art.de/ascii/s/signals.txt]
[www.ascii-art.de/ascii/s/signature.txt]
[www.ascii-art.de/ascii/s/sikhism.txt]
[www.ascii-art.de/ascii/s/silhouette.txt]
[www.ascii-art.de/ascii/s/silly_walks.txt]
[www.ascii-art.de/ascii/s/silo.txt]
[www.ascii-art.de/ascii/s/silverware.txt]
[www.ascii-art.de/ascii/s/simba.txt]
[www.ascii-art.de/ascii/s/simpsons.txt]
[www.ascii-art.de/ascii/s/sine.txt]
[www.ascii-art.de/ascii/s/singer.txt]
[www.ascii-art.de/ascii/s/sink.txt]
[www.ascii-art.de/ascii/s/siren.txt]
[www.ascii-art.de/ascii/s/sisyphus.txt]
[www.ascii-art.de/ascii/s/sitting.txt]
[www.ascii-art.de/ascii/s/siverstein.txt]
[www.ascii-art.de/ascii/s/sixpack.txt]
[www.ascii-art.de/ascii/s/skate_board.txt]
[www.ascii-art.de/ascii/s/skating.txt]
[www.ascii-art.de/ascii/s/skeleton.txt]
[www.ascii-art.de/ascii/s/sketch.txt]
[www.ascii-art.de/ascii/s/ski-jumping.txt]
[www.ascii-art.de/ascii/s/skiing.txt]
[www.ascii-art.de/ascii/s/skijumper.txt]
[www.ascii-art.de/ascii/s/skin_head.txt]
[www.ascii-art.de/ascii/s/skipping.txt]
[www.ascii-art.de/ascii/s/skirt.txt]
[www.ascii-art.de/ascii/s/skull.txt]
[www.ascii-art.de/ascii/s/skunk.txt]
[www.ascii-art.de/ascii/s/skydiver.txt]
[www.ascii-art.de/ascii/s/skyline.txt]
[www.ascii-art.de/ascii/s/skyscraper.txt]
[www.ascii-art.de/ascii/s/sledge.txt]
[www.ascii-art.de/ascii/s/sleep.txt]
[www.ascii-art.de/ascii/s/sleeping_beauty.txt]
[www.ascii-art.de/ascii/s/sleigh.txt]
[www.ascii-art.de/ascii/s/sleipner.txt]
[www.ascii-art.de/ascii/s/sleuthing.txt]
[www.ascii-art.de/ascii/s/slice.txt]
[www.ascii-art.de/ascii/s/slide_rule.txt]
[www.ascii-art.de/ascii/s/slingshot.txt]
[www.ascii-art.de/ascii/s/slipper.txt]
[www.ascii-art.de/ascii/s/slope.txt]
[www.ascii-art.de/ascii/s/slot_machine.txt]
[www.ascii-art.de/ascii/s/sloth.txt]
[www.ascii-art.de/ascii/s/sm.txt]
[www.ascii-art.de/ascii/s/smart.txt]
[www.ascii-art.de/ascii/s/smile.txt]
[www.ascii-art.de/ascii/s/smilies.txt]
[www.ascii-art.de/ascii/s/smily.txt]
[www.ascii-art.de/ascii/s/smoke.txt]
[www.ascii-art.de/ascii/s/smurfs.txt]
[www.ascii-art.de/ascii/s/snail.txt]
[www.ascii-art.de/ascii/s/snake.txt]
[www.ascii-art.de/ascii/s/snakecharmer.txt]
[www.ascii-art.de/ascii/s/sneakers.txt]
[www.ascii-art.de/ascii/s/sneeze.txt]
[www.ascii-art.de/ascii/s/snooker.txt]
[www.ascii-art.de/ascii/s/snoopy.txt]
[www.ascii-art.de/ascii/s/snorkel.txt]
[www.ascii-art.de/ascii/s/snow.txt]
[www.ascii-art.de/ascii/s/snow_blower.txt]
[www.ascii-art.de/ascii/s/snowball.txt]
[www.ascii-art.de/ascii/s/snowboard.txt]
[www.ascii-art.de/ascii/s/snowflakes.txt]
[www.ascii-art.de/ascii/s/snowglobe.txt]
[www.ascii-art.de/ascii/s/snowman.txt]
[www.ascii-art.de/ascii/s/snowmobile.txt]
[www.ascii-art.de/ascii/s/snuggle.txt]
[www.ascii-art.de/ascii/s/soap.txt]
[www.ascii-art.de/ascii/s/soccer.txt]
[www.ascii-art.de/ascii/s/sock.txt]
[www.ascii-art.de/ascii/s/sofa.txt]
[www.ascii-art.de/ascii/s/solar_system.txt]
[www.ascii-art.de/ascii/s/soldering_ion.txt]
[www.ascii-art.de/ascii/s/soldiers.txt]
[www.ascii-art.de/ascii/s/sombrero.txt]
[www.ascii-art.de/ascii/s/sonic.txt]
[www.ascii-art.de/ascii/s/soroban.txt]
[www.ascii-art.de/ascii/s/sound.txt]
[www.ascii-art.de/ascii/s/soup.txt]
[www.ascii-art.de/ascii/s/sourceress.txt]
[www.ascii-art.de/ascii/s/southpark.txt]
[www.ascii-art.de/ascii/s/soviets.txt]
[www.ascii-art.de/ascii/s/space.txt]
[www.ascii-art.de/ascii/s/space_invaders.txt]
[www.ascii-art.de/ascii/s/space_shuttle.txt]
[www.ascii-art.de/ascii/s/spaceships.txt]
[www.ascii-art.de/ascii/s/spades.txt]
[www.ascii-art.de/ascii/s/spam.txt]
[www.ascii-art.de/ascii/s/spaniel.txt]
[www.ascii-art.de/ascii/s/sparrow.txt]
[www.ascii-art.de/ascii/s/speech.txt]
[www.ascii-art.de/ascii/s/sperm.txt]
[www.ascii-art.de/ascii/s/spew.txt]
[www.ascii-art.de/ascii/s/sphere.txt]
[www.ascii-art.de/ascii/s/sphinx.txt]
[www.ascii-art.de/ascii/s/spice_girls.txt]
[www.ascii-art.de/ascii/s/spider.txt]
[www.ascii-art.de/ascii/s/spiderman.txt]
[www.ascii-art.de/ascii/s/spinning_wheel.txt]
[www.ascii-art.de/ascii/s/spiral.txt]
[www.ascii-art.de/ascii/s/spitfire.txt]
[www.ascii-art.de/ascii/s/splash.txt]
[www.ascii-art.de/ascii/s/splat.txt]
[www.ascii-art.de/ascii/s/spock.txt]
[www.ascii-art.de/ascii/s/spoon.txt]
[www.ascii-art.de/ascii/s/sports.txt]
[www.ascii-art.de/ascii/s/spraycan.txt]
[www.ascii-art.de/ascii/s/spring.txt]
[www.ascii-art.de/ascii/s/springboard.txt]
[www.ascii-art.de/ascii/s/sprite.txt]
[www.ascii-art.de/ascii/s/spy.txt]
[www.ascii-art.de/ascii/s/squid.txt]
[www.ascii-art.de/ascii/s/squirrel.txt]
[www.ascii-art.de/ascii/s/sri_lanka.txt]
[www.ascii-art.de/ascii/s/st_exupery.txt]
[www.ascii-art.de/ascii/s/st_nicholas.txt]
[www.ascii-art.de/ascii/s/st_patrick.txt]
[www.ascii-art.de/ascii/s/st_petersburg.txt]
[www.ascii-art.de/ascii/s/stag.txt]
[www.ascii-art.de/ascii/s/stage.txt]
[www.ascii-art.de/ascii/s/staircase.txt]
[www.ascii-art.de/ascii/s/stairs.txt]
[www.ascii-art.de/ascii/s/stallone.txt]
[www.ascii-art.de/ascii/s/stamps.txt]
[www.ascii-art.de/ascii/s/stapler.txt]
[www.ascii-art.de/ascii/s/star.txt]
[www.ascii-art.de/ascii/s/startrek.txt]
[www.ascii-art.de/ascii/s/startrek1.txt]
[www.ascii-art.de/ascii/s/starwars.txt]
[www.ascii-art.de/ascii/s/starwars1.txt]
[www.ascii-art.de/ascii/s/statement.txt]
[www.ascii-art.de/ascii/s/stealth.txt]
[www.ascii-art.de/ascii/s/steam_boat.txt]
[www.ascii-art.de/ascii/s/steam_engine.txt]
[www.ascii-art.de/ascii/s/steamer.txt]
[www.ascii-art.de/ascii/s/steamroller.txt]
[www.ascii-art.de/ascii/s/stegosaurus.txt]
[www.ascii-art.de/ascii/s/steno.txt]
[www.ascii-art.de/ascii/s/steps.txt]
[www.ascii-art.de/ascii/s/stereo.txt]
[www.ascii-art.de/ascii/s/stereoram.txt]
[www.ascii-art.de/ascii/s/stethoscope.txt]
[www.ascii-art.de/ascii/s/stickman.txt]
[www.ascii-art.de/ascii/s/stickman2.txt]
[www.ascii-art.de/ascii/s/stingray.txt]
[www.ascii-art.de/ascii/s/stirling_engine.txt]
[www.ascii-art.de/ascii/s/stocking.txt]
[www.ascii-art.de/ascii/s/stonehenge.txt]
[www.ascii-art.de/ascii/s/stool.txt]
[www.ascii-art.de/ascii/s/stop.txt]
[www.ascii-art.de/ascii/s/stork.txt]
[www.ascii-art.de/ascii/s/storm.txt]
[www.ascii-art.de/ascii/s/story.txt]
[www.ascii-art.de/ascii/s/stove.txt]
[www.ascii-art.de/ascii/s/streamline.txt]
[www.ascii-art.de/ascii/s/street.txt]
[www.ascii-art.de/ascii/s/strength.txt]
[www.ascii-art.de/ascii/s/strings.txt]
[www.ascii-art.de/ascii/s/striptease.txt]
[www.ascii-art.de/ascii/s/stuka.txt]
[www.ascii-art.de/ascii/s/stumble.txt]
[www.ascii-art.de/ascii/s/subbuteo.txt]
[www.ascii-art.de/ascii/s/submarine.txt]
[www.ascii-art.de/ascii/s/sucker.txt]
[www.ascii-art.de/ascii/s/suicide.txt]
[www.ascii-art.de/ascii/s/suitcase.txt]
[www.ascii-art.de/ascii/s/sumo.txt]
[www.ascii-art.de/ascii/s/sun.txt]
[www.ascii-art.de/ascii/s/sunbath.txt]
[www.ascii-art.de/ascii/s/sunrise.txt]
[www.ascii-art.de/ascii/s/sunset.txt]
[www.ascii-art.de/ascii/s/sunshade.txt]
[www.ascii-art.de/ascii/s/supergirl.txt]
[www.ascii-art.de/ascii/s/superman.txt]
[www.ascii-art.de/ascii/s/surf.txt]
[www.ascii-art.de/ascii/s/surfer.txt]
[www.ascii-art.de/ascii/s/surgery.txt]
[www.ascii-art.de/ascii/s/sushi.txt]
[www.ascii-art.de/ascii/s/svejk.txt]
[www.ascii-art.de/ascii/s/swan.txt]
[www.ascii-art.de/ascii/s/swatter.txt]
[www.ascii-art.de/ascii/s/sweater.txt]
[www.ascii-art.de/ascii/s/sweden.txt]
[www.ascii-art.de/ascii/s/sweets.txt]
[www.ascii-art.de/ascii/s/swimming.txt]
[www.ascii-art.de/ascii/s/swing.txt]
[www.ascii-art.de/ascii/s/switch.txt]
[www.ascii-art.de/ascii/s/switzerland.txt]
[www.ascii-art.de/ascii/s/swordfish.txt]
[www.ascii-art.de/ascii/s/swords.txt]
[www.ascii-art.de/ascii/s/sylt.txt]
[www.ascii-art.de/ascii/s/sylvester.txt]
[www.ascii-art.de/ascii/s/symbol.txt]
[www.ascii-art.de/ascii/s/syringe.txt]
[www.ascii-art.de/ascii/index_s.html]
[www.ascii-art.de/ascii/t/t-rex.txt]
[www.ascii-art.de/ascii/t/t-shirt.txt]
[www.ascii-art.de/ascii/t/table.txt]
[www.ascii-art.de/ascii/t/table_of_elements.txt]
[www.ascii-art.de/ascii/t/tachometer.txt]
[www.ascii-art.de/ascii/t/tai-chi.txt]
[www.ascii-art.de/ascii/t/taj_mahal.txt]
[www.ascii-art.de/ascii/t/take_off.txt]
[www.ascii-art.de/ascii/t/talk.txt]
[www.ascii-art.de/ascii/t/tamagotchi.txt]
[www.ascii-art.de/ascii/t/tamarin.txt]
[www.ascii-art.de/ascii/t/tampon.txt]
[www.ascii-art.de/ascii/t/tangent.txt]
[www.ascii-art.de/ascii/t/tank.txt]
[www.ascii-art.de/ascii/t/tanning.txt]
[www.ascii-art.de/ascii/t/tap.txt]
[www.ascii-art.de/ascii/t/tapdancing.txt]
[www.ascii-art.de/ascii/t/tape.txt]
[www.ascii-art.de/ascii/t/tapir.txt]
[www.ascii-art.de/ascii/t/tasmanian_devil.txt]
[www.ascii-art.de/ascii/t/tattoo.txt]
[www.ascii-art.de/ascii/t/taurus.txt]
[www.ascii-art.de/ascii/t/taxi.txt]
[www.ascii-art.de/ascii/t/taz.txt]
[www.ascii-art.de/ascii/t/tea.txt]
[www.ascii-art.de/ascii/t/teapot.txt]
[www.ascii-art.de/ascii/t/tear.txt]
[www.ascii-art.de/ascii/t/teddy.txt]
[www.ascii-art.de/ascii/t/teenager.txt]
[www.ascii-art.de/ascii/t/teepee.txt]
[www.ascii-art.de/ascii/t/teeth.txt]
[www.ascii-art.de/ascii/t/telephone.txt]
[www.ascii-art.de/ascii/t/telescope.txt]
[www.ascii-art.de/ascii/t/teletubbies.txt]
[www.ascii-art.de/ascii/t/temple.txt]
[www.ascii-art.de/ascii/t/temptation.txt]
[www.ascii-art.de/ascii/t/tengwar.txt]
[www.ascii-art.de/ascii/t/tennis.txt]
[www.ascii-art.de/ascii/t/tent.txt]
[www.ascii-art.de/ascii/t/terminal.txt]
[www.ascii-art.de/ascii/t/terminator.txt]
[www.ascii-art.de/ascii/t/test.txt]
[www.ascii-art.de/ascii/t/tex.txt]
[www.ascii-art.de/ascii/t/texas.txt]
[www.ascii-art.de/ascii/t/texture.txt]
[www.ascii-art.de/ascii/t/thanksgiving.txt]
[www.ascii-art.de/ascii/t/thermometer.txt]
[www.ascii-art.de/ascii/t/thermos.txt]
[www.ascii-art.de/ascii/t/thief.txt]
[www.ascii-art.de/ascii/t/thing.txt]
[www.ascii-art.de/ascii/t/think.txt]
[www.ascii-art.de/ascii/t/thistle.txt]
[www.ascii-art.de/ascii/t/thought.txt]
[www.ascii-art.de/ascii/t/thousand.txt]
[www.ascii-art.de/ascii/t/threat.txt]
[www.ascii-art.de/ascii/t/throw.txt]
[www.ascii-art.de/ascii/t/thumpsup.txt]
[www.ascii-art.de/ascii/t/thw.txt]
[www.ascii-art.de/ascii/t/tic_tac_toe.txt]
[www.ascii-art.de/ascii/t/tie-fighter.txt]
[www.ascii-art.de/ascii/t/tie.txt]
[www.ascii-art.de/ascii/t/tiffany.txt]
[www.ascii-art.de/ascii/t/tiger.txt]
[www.ascii-art.de/ascii/t/tigerente.txt]
[www.ascii-art.de/ascii/t/tigger.txt]
[www.ascii-art.de/ascii/t/tiling.txt]
[www.ascii-art.de/ascii/t/time.txt]
[www.ascii-art.de/ascii/t/timpany.txt]
[www.ascii-art.de/ascii/t/tinkerbell.txt]
[www.ascii-art.de/ascii/t/tintin.txt]
[www.ascii-art.de/ascii/t/tissues.txt]
[www.ascii-art.de/ascii/t/tit.txt]
[www.ascii-art.de/ascii/t/titanic.txt]
[www.ascii-art.de/ascii/t/toast.txt]
[www.ascii-art.de/ascii/t/toaster.txt]
[www.ascii-art.de/ascii/t/toddler.txt]
[www.ascii-art.de/ascii/t/tofu.txt]
[www.ascii-art.de/ascii/t/tohether.txt]
[www.ascii-art.de/ascii/t/toiletpaper.txt]
[www.ascii-art.de/ascii/t/toilets.txt]
[www.ascii-art.de/ascii/t/tolkien.txt]
[www.ascii-art.de/ascii/t/tom.txt]
[www.ascii-art.de/ascii/t/tomato.txt]
[www.ascii-art.de/ascii/t/tombstone.txt]
[www.ascii-art.de/ascii/t/tomcat.txt]
[www.ascii-art.de/ascii/t/tongue.txt]
[www.ascii-art.de/ascii/t/toolbox.txt]
[www.ascii-art.de/ascii/t/tools.txt]
[www.ascii-art.de/ascii/t/toons.txt]
[www.ascii-art.de/ascii/t/toothbrush.txt]
[www.ascii-art.de/ascii/t/torch.txt]
[www.ascii-art.de/ascii/t/torii.txt]
[www.ascii-art.de/ascii/t/tornado.txt]
[www.ascii-art.de/ascii/t/toronto.txt]
[www.ascii-art.de/ascii/t/torpedo.txt]
[www.ascii-art.de/ascii/t/tortoise.txt]
[www.ascii-art.de/ascii/t/totempole.txt]
[www.ascii-art.de/ascii/t/toucan.txt]
[www.ascii-art.de/ascii/t/touchpad.txt]
[www.ascii-art.de/ascii/t/tourette.txt]
[www.ascii-art.de/ascii/t/tournament.txt]
[www.ascii-art.de/ascii/t/towel.txt]
[www.ascii-art.de/ascii/t/tower.txt]
[www.ascii-art.de/ascii/t/tower_bridge.txt]
[www.ascii-art.de/ascii/t/towerofhanoi.txt]
[www.ascii-art.de/ascii/t/town.txt]
[www.ascii-art.de/ascii/t/toy-story.txt]
[www.ascii-art.de/ascii/t/toy.txt]
[www.ascii-art.de/ascii/t/trabant.txt]
[www.ascii-art.de/ascii/t/tractor.txt]
[www.ascii-art.de/ascii/t/traffic.txt]
[www.ascii-art.de/ascii/t/train.txt]
[www.ascii-art.de/ascii/t/tram.txt]
[www.ascii-art.de/ascii/t/transmogrify.txt]
[www.ascii-art.de/ascii/t/transporter.txt]
[www.ascii-art.de/ascii/t/trap.txt]
[www.ascii-art.de/ascii/t/trapdoor.txt]
[www.ascii-art.de/ascii/t/trash.txt]
[www.ascii-art.de/ascii/t/trashcan.txt]
[www.ascii-art.de/ascii/t/travel.txt]
[www.ascii-art.de/ascii/t/treasure.txt]
[www.ascii-art.de/ascii/t/treasure_island.txt]
[www.ascii-art.de/ascii/t/treasure_map.txt]
[www.ascii-art.de/ascii/t/trebuchet.txt]
[www.ascii-art.de/ascii/t/tree.txt]
[www.ascii-art.de/ascii/t/tree_house.txt]
[www.ascii-art.de/ascii/t/trench.txt]
[www.ascii-art.de/ascii/t/tri-arch.txt]
[www.ascii-art.de/ascii/t/triangle.txt]
[www.ascii-art.de/ascii/t/trick.txt]
[www.ascii-art.de/ascii/t/trilobite.txt]
[www.ascii-art.de/ascii/t/triton.txt]
[www.ascii-art.de/ascii/t/trojan_horse.txt]
[www.ascii-art.de/ascii/t/troll.txt]
[www.ascii-art.de/ascii/t/trolley.txt]
[www.ascii-art.de/ascii/t/trolly.txt]
[www.ascii-art.de/ascii/t/trombone.txt]
[www.ascii-art.de/ascii/t/trophy.txt]
[www.ascii-art.de/ascii/t/trousers.txt]
[www.ascii-art.de/ascii/t/truck.txt]
[www.ascii-art.de/ascii/t/trumpet.txt]
[www.ascii-art.de/ascii/t/tuba.txt]
[www.ascii-art.de/ascii/t/tulips.txt]
[www.ascii-art.de/ascii/t/tunnel.txt]
[www.ascii-art.de/ascii/t/turban.txt]
[www.ascii-art.de/ascii/t/turbo.txt]
[www.ascii-art.de/ascii/t/turkey.txt]
[www.ascii-art.de/ascii/t/turn_tables.txt]
[www.ascii-art.de/ascii/t/turtle.txt]
[www.ascii-art.de/ascii/t/tutorial.txt]
[www.ascii-art.de/ascii/t/tux.txt]
[www.ascii-art.de/ascii/t/tv.txt]
[www.ascii-art.de/ascii/t/tv_series.txt]
[www.ascii-art.de/ascii/t/tweety.txt]
[www.ascii-art.de/ascii/t/twins.txt]
[www.ascii-art.de/ascii/t/twist.txt]
[www.ascii-art.de/ascii/t/typewriter.txt]
[www.ascii-art.de/ascii/index_t.html]
[www.ascii-art.de/ascii/uvw/ufo.txt]
[www.ascii-art.de/ascii/uvw/uk.txt]
[www.ascii-art.de/ascii/uvw/umbrella.txt]
[www.ascii-art.de/ascii/uvw/unhappy.txt]
[www.ascii-art.de/ascii/uvw/uni-hannover.txt]
[www.ascii-art.de/ascii/uvw/unicorn.txt]
[www.ascii-art.de/ascii/uvw/unicycles.txt]
[www.ascii-art.de/ascii/uvw/union_jack.txt]
[www.ascii-art.de/ascii/uvw/universe.txt]
[www.ascii-art.de/ascii/uvw/unix.txt]
[www.ascii-art.de/ascii/uvw/urinal.txt]
[www.ascii-art.de/ascii/uvw/urn.txt]
[www.ascii-art.de/ascii/uvw/usa.txt]
[www.ascii-art.de/ascii/uvw/usb.txt]
[www.ascii-art.de/ascii/uvw/user.txt]
[www.ascii-art.de/ascii/uvw/uzi.txt]
[www.ascii-art.de/ascii/uvw/valentine.txt]
[www.ascii-art.de/ascii/uvw/valkyrie.txt]
[www.ascii-art.de/ascii/uvw/vampire.txt]
[www.ascii-art.de/ascii/uvw/van.txt]
[www.ascii-art.de/ascii/uvw/van_gogh.txt]
[www.ascii-art.de/ascii/uvw/vancouver.txt]
[www.ascii-art.de/ascii/uvw/vanity.txt]
[www.ascii-art.de/ascii/uvw/varanus.txt]
[www.ascii-art.de/ascii/uvw/vase.txt]
[www.ascii-art.de/ascii/uvw/venus.txt]
[www.ascii-art.de/ascii/uvw/vespa.txt]
[www.ascii-art.de/ascii/uvw/vice.txt]
[www.ascii-art.de/ascii/uvw/victorian.txt]
[www.ascii-art.de/ascii/uvw/video.txt]
[www.ascii-art.de/ascii/uvw/view.txt]
[www.ascii-art.de/ascii/uvw/viking.txt]
[www.ascii-art.de/ascii/uvw/village.txt]
[www.ascii-art.de/ascii/uvw/villain.txt]
[www.ascii-art.de/ascii/uvw/vine.txt]
[www.ascii-art.de/ascii/uvw/viola.txt]
[www.ascii-art.de/ascii/uvw/violence.txt]
[www.ascii-art.de/ascii/uvw/violin.txt]
[www.ascii-art.de/ascii/uvw/vitamins.txt]
[www.ascii-art.de/ascii/uvw/vms.txt]
[www.ascii-art.de/ascii/uvw/vodka.txt]
[www.ascii-art.de/ascii/uvw/volkswagen.txt]
[www.ascii-art.de/ascii/uvw/volleyball.txt]
[www.ascii-art.de/ascii/uvw/volume.txt]
[www.ascii-art.de/ascii/uvw/vomit.txt]
[www.ascii-art.de/ascii/uvw/voodoo.txt]
[www.ascii-art.de/ascii/uvw/vulcano.txt]
[www.ascii-art.de/ascii/uvw/vulture.txt]
[www.ascii-art.de/ascii/uvw/vw.txt]
[www.ascii-art.de/ascii/uvw/waffle.txt]
[www.ascii-art.de/ascii/uvw/wagtail.txt]
[www.ascii-art.de/ascii/uvw/wait.txt]
[www.ascii-art.de/ascii/uvw/waiter.txt]
[www.ascii-art.de/ascii/uvw/waitress.txt]
[www.ascii-art.de/ascii/uvw/wales.txt]
[www.ascii-art.de/ascii/uvw/walk.txt]
[www.ascii-art.de/ascii/uvw/walkie_talkie.txt]
[www.ascii-art.de/ascii/uvw/walking.txt]
[www.ascii-art.de/ascii/uvw/wall.txt]
[www.ascii-art.de/ascii/uvw/wallace+gromit.txt]
[www.ascii-art.de/ascii/uvw/wallpaper.txt]
[www.ascii-art.de/ascii/uvw/walrus.txt]
[www.ascii-art.de/ascii/uvw/wand.txt]
[www.ascii-art.de/ascii/uvw/wanted.txt]
[www.ascii-art.de/ascii/uvw/war.txt]
[www.ascii-art.de/ascii/uvw/warner_bros.txt]
[www.ascii-art.de/ascii/uvw/warrior.txt]
[www.ascii-art.de/ascii/uvw/wasp.txt]
[www.ascii-art.de/ascii/uvw/waste_disposal.txt]
[www.ascii-art.de/ascii/uvw/watch.txt]
[www.ascii-art.de/ascii/uvw/watch_out.txt]
[www.ascii-art.de/ascii/uvw/watchtower.txt]
[www.ascii-art.de/ascii/uvw/water.txt]
[www.ascii-art.de/ascii/uvw/water_ski.txt]
[www.ascii-art.de/ascii/uvw/water_well.txt]
[www.ascii-art.de/ascii/uvw/waterfall.txt]
[www.ascii-art.de/ascii/uvw/watering_can.txt]
[www.ascii-art.de/ascii/uvw/waterloo.txt]
[www.ascii-art.de/ascii/uvw/watermelon.txt]
[www.ascii-art.de/ascii/uvw/wave.txt]
[www.ascii-art.de/ascii/uvw/wc.txt]
[www.ascii-art.de/ascii/uvw/weasel.txt]
[www.ascii-art.de/ascii/uvw/web.txt]
[www.ascii-art.de/ascii/uvw/wedding.txt]
[www.ascii-art.de/ascii/uvw/weed.txt]
[www.ascii-art.de/ascii/uvw/weight-lifting.txt]
[www.ascii-art.de/ascii/uvw/well.txt]
[www.ascii-art.de/ascii/uvw/werewolf.txt]
[www.ascii-art.de/ascii/uvw/western.txt]
[www.ascii-art.de/ascii/uvw/westminster_abbey.txt]
[www.ascii-art.de/ascii/uvw/whaam.txt]
[www.ascii-art.de/ascii/uvw/whale.txt]
[www.ascii-art.de/ascii/uvw/what.txt]
[www.ascii-art.de/ascii/uvw/whatsit.txt]
[www.ascii-art.de/ascii/uvw/wheel.txt]
[www.ascii-art.de/ascii/uvw/wheelbarrow.txt]
[www.ascii-art.de/ascii/uvw/wheelchair.txt]
[www.ascii-art.de/ascii/uvw/whistle.txt]
[www.ascii-art.de/ascii/uvw/white_house.txt]
[www.ascii-art.de/ascii/uvw/white_tower.txt]
[www.ascii-art.de/ascii/uvw/who.txt]
[www.ascii-art.de/ascii/uvw/why.txt]
[www.ascii-art.de/ascii/uvw/wildlife.txt]
[www.ascii-art.de/ascii/uvw/wilhelm_busch.txt]
[www.ascii-art.de/ascii/uvw/wilhelm_tell.txt]
[www.ascii-art.de/ascii/uvw/wind.txt]
[www.ascii-art.de/ascii/uvw/windmill.txt]
[www.ascii-art.de/ascii/uvw/windows.txt]
[www.ascii-art.de/ascii/uvw/windsurfing.txt]
[www.ascii-art.de/ascii/uvw/wine.txt]
[www.ascii-art.de/ascii/uvw/winnie_the_pooh.txt]
[www.ascii-art.de/ascii/uvw/winter.txt]
[www.ascii-art.de/ascii/uvw/wise.txt]
[www.ascii-art.de/ascii/uvw/witch.txt]
[www.ascii-art.de/ascii/uvw/wizard.txt]
[www.ascii-art.de/ascii/uvw/wodka.txt]
[www.ascii-art.de/ascii/uvw/wok.txt]
[www.ascii-art.de/ascii/uvw/wolf.txt]
[www.ascii-art.de/ascii/uvw/wombat.txt]
[www.ascii-art.de/ascii/uvw/women.txt]
[www.ascii-art.de/ascii/uvw/wonderlamp.txt]
[www.ascii-art.de/ascii/uvw/woodpecker.txt]
[www.ascii-art.de/ascii/uvw/words.txt]
[www.ascii-art.de/ascii/uvw/world.txt]
[www.ascii-art.de/ascii/uvw/worldcup.txt]
[www.ascii-art.de/ascii/uvw/worm.txt]
[www.ascii-art.de/ascii/uvw/wormhole.txt]
[www.ascii-art.de/ascii/uvw/wrapper.txt]
[www.ascii-art.de/ascii/uvw/wrapping.txt]
[www.ascii-art.de/ascii/uvw/wreath.txt]
[www.ascii-art.de/ascii/uvw/wrench.txt]
[www.ascii-art.de/ascii/uvw/wrestle.txt]
[www.ascii-art.de/ascii/uvw/write.txt]
[www.ascii-art.de/ascii/uvw/wtc.txt]
[www.ascii-art.de/ascii/index_uvw.html]
[www.ascii-art.de/ascii/xyz/x-files.txt]
[www.ascii-art.de/ascii/xyz/x-wing.txt]
[www.ascii-art.de/ascii/xyz/xmas.txt]
[www.ascii-art.de/ascii/xyz/xxx.txt]
[www.ascii-art.de/ascii/xyz/y2k.txt]
[www.ascii-art.de/ascii/xyz/yacht.txt]
[www.ascii-art.de/ascii/xyz/yak.txt]
[www.ascii-art.de/ascii/xyz/yam.txt]
[www.ascii-art.de/ascii/xyz/yawn.txt]
[www.ascii-art.de/ascii/xyz/yellow.txt]
[www.ascii-art.de/ascii/xyz/yinyang.txt]
[www.ascii-art.de/ascii/xyz/ymca.txt]
[www.ascii-art.de/ascii/xyz/yoda.txt]
[www.ascii-art.de/ascii/xyz/yoga.txt]
[www.ascii-art.de/ascii/xyz/yoyo.txt]
[www.ascii-art.de/ascii/xyz/yuck.txt]
[www.ascii-art.de/ascii/xyz/zap.txt]
[www.ascii-art.de/ascii/xyz/zappa.txt]
[www.ascii-art.de/ascii/xyz/zebra.txt]
[www.ascii-art.de/ascii/xyz/zeppelin.txt]
[www.ascii-art.de/ascii/xyz/ziggurat.txt]
[www.ascii-art.de/ascii/xyz/ziggy.txt]
[www.ascii-art.de/ascii/xyz/zip.txt]
[www.ascii-art.de/ascii/xyz/zipper.txt]
[www.ascii-art.de/ascii/xyz/zippo.txt]
[www.ascii-art.de/ascii/xyz/zodiac.txt]
[www.ascii-art.de/ascii/xyz/zombie.txt]
[www.ascii-art.de/ascii/xyz/zoo.txt]
[www.ascii-art.de/ascii/xyz/zorro.txt]
[www.ascii-art.de/ascii/xyz/zulu.txt]
[www.ascii-art.de/ascii/index_xyz.html]
[www.ascii-art.de/ascii/index2.html]
[www.ascii-art.de/ascii/index-2.html]
[www.ascii-art.de/ascii/my/disco_s.txt]
[www.ascii-art.de/ascii/my/bath_s.txt]
[www.ascii-art.de/ascii/my/big1.html]
[www.ascii-art.de/ascii/my/giraffe_s.txt]
[www.ascii-art.de/ascii/my/micro1.html]
[www.ascii-art.de/ascii/anim/kiss_anim.html]
[www.ascii-art.de/ascii/anim/fly_anim.html]
[www.ascii-art.de/ascii/anim/station_anim.html]
[www.ascii-art.de/ascii/anim/unplugged_anim.html]
[www.ascii-art.de/info/tut_oviatt.html]
[www.ascii-art.de/info/faq_thomas.html]
[www.ascii-art.de/info/artists/javeplayer.jar]
[www.ascii-art.de/images/jave.gif]
[www.ascii-art.de/info/artists/andreas/movie.html]
[www.ascii-art.de/ascii/my/index-2.html]
[www.ascii-art.de/ascii/my/cycling_s.txt]
[www.ascii-art.de/ascii/my/hug_s.txt]
[www.ascii-art.de/ascii/my/yam_s.txt]
[www.ascii-art.de/ascii/my/small2.html]
[www.ascii-art.de/ascii/andreas.html]
[www.ascii-art.de/news/wuddeldu.html]
[www.ascii-art.de/ascii/index1.html]
[www.ascii-art.de/ascii/index3.html]
[www.ascii-art.de/ascii/index4.html]
[www.ascii-art.de/ascii/my/kissen_s.txt]
[www.ascii-art.de/ascii/my/act_s.txt]
[www.ascii-art.de/ascii/my/wintermond_s.txt]
[www.ascii-art.de/ascii/my/wein_s.txt]
[www.ascii-art.de/ascii/my/big2.html]
[www.ascii-art.de/ascii/my/ghosts_s.txt]
[www.ascii-art.de/ascii/my/moving_s.txt]
[www.ascii-art.de/ascii/my/rain_s.txt]
[www.ascii-art.de/ascii/my/micro2.html]
[www.ascii-art.de/ascii/anim/index-2.html]
[www.ascii-art.de/info/faq.html]
[www.ascii-art.de/info/dcau.html]
[www.ascii-art.de/ascii/my/rakete_s.txt]
[www.ascii-art.de/ascii/my/marx_s.txt]
[www.ascii-art.de/ascii/my/cloud_s.txt]
[www.ascii-art.de/ascii/my/grin_s.txt]
[www.ascii-art.de/ascii/my/moon_s.txt]
[www.ascii-art.de/ascii/my/small3.html]
[www.ascii-art.de/ascii/my/wn98_s.txt]
[www.ascii-art.de/ascii/my/pipi_s.txt]
[www.ascii-art.de/ascii/my/big3.html]
[www.ascii-art.de/ascii/my/space_s.txt]
[www.ascii-art.de/ascii/my/t-rex_s.txt]
[www.ascii-art.de/ascii/my/micro3.html]
[www.ascii-art.de/ascii/my/echidna_s.txt]
[www.ascii-art.de/ascii/my/records_s.txt]
[www.ascii-art.de/ascii/my/reiter_s.txt]
[www.ascii-art.de/ascii/my/small4.html]
[www.ascii-art.de/ascii/my/disobey_s.txt]
[www.ascii-art.de/ascii/my/nightshot_s.txt]
[www.ascii-art.de/ascii/my/big4.html]
[www.ascii-art.de/ascii/my/tower_s.txt]
[www.ascii-art.de/ascii/my/feed_s.txt]
[www.ascii-art.de/ascii/my/small5.html]
[www.ascii-art.de/ascii/my/pregnant_s.txt]
[www.ascii-art.de/ascii/my/big5.html]
[www.ascii-art.de/css/ascii.css]
[www.ascii-art.de/css/print.css]
[www.ascii-art.de/news/index.html]
[www.ascii-art.de/ascii/faq.html]
[www.ascii-art.de/ascii/xyz/x-files.html]
[www.ascii-art.de/ascii/ab/.html]
[www.ascii-art.de/info/tut_oviatt.html]
[www.ascii-art.de/info/artists/andreas/movie.html]
[myweb.tiscali.co.uk/asciiart/guidelines.html]
[www.ascii-art.de/ascii/andreas.html]
[www.ascii-art.de/ascii/index1.html]
[www.ascii-art.de/ascii/my/micro2.html]
[www.ascii-art.de/ascii/anim/index-2.html]
[www.ascii-art.de/info/artists/andreas/JavePlayerApplet.html]
[www.ascii-art.de/ascii/my/small3.html]
[www.ascii-art.de/ascii/my/big3.html]
[www.ascii-art.de/ascii/my/micro3.html]
[www.ascii-art.de/ascii/my/small4.html]
[www.ascii-art.de/ascii/my/big4.html]
[www.ascii-art.de/ascii/my/small5.html]
[www.ascii-art.de/ascii/my/big5.html]
